Component: Arm Compiler for Embedded 6.22 Tool: armlink [5ee90200]

==============================================================================

Section Cross References

    i2c.o(.ARM.exidx.text.I2C_WriteCommand) refers to i2c.o(.text.I2C_WriteCommand) for [Anonymous Symbol]
    i2c.o(.ARM.exidx.text.I2C_Write_Buffer) refers to i2c.o(.text.I2C_Write_Buffer) for [Anonymous Symbol]
    i2c.o(.ARM.exidx.text.delay_ms) refers to i2c.o(.text.delay_ms) for [Anonymous Symbol]
    conf.o(.ARM.exidx.text.confRCC) refers to conf.o(.text.confRCC) for [Anonymous Symbol]
    conf.o(.ARM.exidx.text.confGPIO) refers to conf.o(.text.confGPIO) for [Anonymous Symbol]
    conf.o(.ARM.exidx.text.confI2C) refers to conf.o(.text.confI2C) for [Anonymous Symbol]
    conf.o(.ARM.exidx.text.confADC) refers to conf.o(.text.confADC) for [Anonymous Symbol]
    conf.o(.ARM.exidx.text.convADC) refers to conf.o(.text.convADC) for [Anonymous Symbol]
    conf.o(.text.setConf) refers to conf.o(.text.confRCC) for confRCC
    conf.o(.text.setConf) refers to conf.o(.text.confGPIO) for confGPIO
    conf.o(.text.setConf) refers to conf.o(.text.confI2C) for confI2C
    conf.o(.text.setConf) refers to conf.o(.text.confADC) for confADC
    conf.o(.ARM.exidx.text.setConf) refers to conf.o(.text.setConf) for [Anonymous Symbol]
    ssd1306_fonts.o(.rodata.Font_11x18) refers to ssd1306_fonts.o(.rodata.Font11x18) for [Anonymous Symbol]
    ssd1306.o(.text.ssd1306_Init) refers to i2c.o(.text.delay_ms) for delay_ms
    ssd1306.o(.text.ssd1306_Init) refers to ssd1306.o(.text.ssd1306_WriteCommand) for ssd1306_WriteCommand
    ssd1306.o(.text.ssd1306_Init) refers to ssd1306.o(.text.ssd1306_Fill) for ssd1306_Fill
    ssd1306.o(.text.ssd1306_Init) refers to ssd1306.o(.text.ssd1306_UpdateScreen) for ssd1306_UpdateScreen
    ssd1306.o(.text.ssd1306_Init) refers to ssd1306.o(.bss.SSD1306) for SSD1306
    ssd1306.o(.ARM.exidx.text.ssd1306_Init) refers to ssd1306.o(.text.ssd1306_Init) for [Anonymous Symbol]
    ssd1306.o(.text.ssd1306_WriteCommand) refers to i2c.o(.text.I2C_WriteCommand) for I2C_WriteCommand
    ssd1306.o(.ARM.exidx.text.ssd1306_WriteCommand) refers to ssd1306.o(.text.ssd1306_WriteCommand) for [Anonymous Symbol]
    ssd1306.o(.text.ssd1306_Fill) refers to ssd1306.o(.bss.SSD1306_Buffer) for SSD1306_Buffer
    ssd1306.o(.text.ssd1306_Fill) refers to rt_memclr.o(.text) for __aeabi_memclr
    ssd1306.o(.text.ssd1306_Fill) refers to aeabi_memset.o(.text) for __aeabi_memset
    ssd1306.o(.ARM.exidx.text.ssd1306_Fill) refers to ssd1306.o(.text.ssd1306_Fill) for [Anonymous Symbol]
    ssd1306.o(.text.ssd1306_UpdateScreen) refers to ssd1306.o(.text.ssd1306_WriteCommand) for ssd1306_WriteCommand
    ssd1306.o(.text.ssd1306_UpdateScreen) refers to ssd1306.o(.bss.SSD1306_Buffer) for SSD1306_Buffer
    ssd1306.o(.text.ssd1306_UpdateScreen) refers to ssd1306.o(.text.ssd1306_WriteData) for ssd1306_WriteData
    ssd1306.o(.ARM.exidx.text.ssd1306_UpdateScreen) refers to ssd1306.o(.text.ssd1306_UpdateScreen) for [Anonymous Symbol]
    ssd1306.o(.text.ssd1306_WriteData) refers to i2c.o(.text.I2C_Write_Buffer) for I2C_Write_Buffer
    ssd1306.o(.ARM.exidx.text.ssd1306_WriteData) refers to ssd1306.o(.text.ssd1306_WriteData) for [Anonymous Symbol]
    ssd1306.o(.text.ssd1306_DrawPixel) refers to ssd1306.o(.bss.SSD1306_Buffer) for SSD1306_Buffer
    ssd1306.o(.ARM.exidx.text.ssd1306_DrawPixel) refers to ssd1306.o(.text.ssd1306_DrawPixel) for [Anonymous Symbol]
    ssd1306.o(.text.ssd1306_WriteChar) refers to ssd1306.o(.bss.SSD1306) for SSD1306
    ssd1306.o(.text.ssd1306_WriteChar) refers to ssd1306.o(.text.ssd1306_DrawPixel) for ssd1306_DrawPixel
    ssd1306.o(.ARM.exidx.text.ssd1306_WriteChar) refers to ssd1306.o(.text.ssd1306_WriteChar) for [Anonymous Symbol]
    ssd1306.o(.text.ssd1306_SetCursor) refers to ssd1306.o(.bss.SSD1306) for SSD1306
    ssd1306.o(.ARM.exidx.text.ssd1306_SetCursor) refers to ssd1306.o(.text.ssd1306_SetCursor) for [Anonymous Symbol]
    ssd1306.o(.text.ssd1306_WriteString) refers to ssd1306.o(.text.ssd1306_WriteChar) for ssd1306_WriteChar
    ssd1306.o(.ARM.exidx.text.ssd1306_WriteString) refers to ssd1306.o(.text.ssd1306_WriteString) for [Anonymous Symbol]
    ssd1306.o(.text.ssd1306_DrawImage) refers to ssd1306.o(.text.ssd1306_DrawPixel) for ssd1306_DrawPixel
    ssd1306.o(.ARM.exidx.text.ssd1306_DrawImage) refers to ssd1306.o(.text.ssd1306_DrawImage) for [Anonymous Symbol]
    main.o(.text.main) refers to conf.o(.text.setConf) for setConf
    main.o(.text.main) refers to ssd1306.o(.text.ssd1306_Init) for ssd1306_Init
    main.o(.text.main) refers to ssd1306.o(.text.ssd1306_Fill) for ssd1306_Fill
    main.o(.text.main) refers to ssd1306.o(.text.ssd1306_UpdateScreen) for ssd1306_UpdateScreen
    main.o(.text.main) refers to ssd1306.o(.text.ssd1306_SetCursor) for ssd1306_SetCursor
    main.o(.text.main) refers to ssd1306_fonts.o(.rodata.Font_11x18) for Font_11x18
    main.o(.text.main) refers to main.o(.rodata.str1.1) for .L.str
[...]
    ../clib/heapalloc.c                      0x00000000   Number         0  hrguard.o ABSOLUTE
    ../clib/heapaux.c                        0x00000000   Number         0  heapauxi.o ABSOLUTE
    ../clib/libinit.s                        0x00000000   Number         0  libinit.o ABSOLUTE
    ../clib/libinit.s                        0x00000000   Number         0  libinit2.o ABSOLUTE
    ../clib/libinit.s                        0x00000000   Number         0  libshutdown.o ABSOLUTE
    ../clib/libinit.s                        0x00000000   Number         0  libshutdown2.o ABSOLUTE
    ../clib/locale.c                         0x00000000   Number         0  _c16rtomb.o ABSOLUTE
    ../clib/locale.s                         0x00000000   Number         0  lc_numeric_c.o ABSOLUTE
    ../clib/locale.s                         0x00000000   Number         0  lc_ctype_c.o ABSOLUTE
    ../clib/longlong.s                       0x00000000   Number         0  lludiv10.o ABSOLUTE
    ../clib/longlong.s                       0x00000000   Number         0  llushr.o ABSOLUTE
    ../clib/memcpset.s                       0x00000000   Number         0  aeabi_memset.o ABSOLUTE
    ../clib/memcpset.s                       0x00000000   Number         0  rt_memclr.o ABSOLUTE
    ../clib/memcpset.s                       0x00000000   Number         0  rt_memclr_w.o ABSOLUTE
    ../clib/memcpset.s                       0x00000000   Number         0  strcmpv7em.o ABSOLUTE
    ../clib/misc.s                           0x00000000   Number         0  printf_stubs.o ABSOLUTE
    ../clib/printf.c                         0x00000000   Number         0  sprintf.o ABSOLUTE
    ../clib/printf.c                         0x00000000   Number         0  __printf.o ABSOLUTE
    ../clib/printf.c                         0x00000000   Number         0  _printf_pad.o ABSOLUTE
    ../clib/printf.c                         0x00000000   Number         0  _printf_truncate.o ABSOLUTE
    ../clib/printf.c                         0x00000000   Number         0  _printf_str.o ABSOLUTE
    ../clib/printf.c                         0x00000000   Number         0  _printf_dec.o ABSOLUTE
    ../clib/printf.c                         0x00000000   Number         0  _printf_charcount.o ABSOLUTE
    ../clib/printf.c                         0x00000000   Number         0  _printf_char_common.o ABSOLUTE
    ../clib/printf.c                         0x00000000   Number         0  _sputc.o ABSOLUTE
    ../clib/printf.c                         0x00000000   Number         0  _printf_wctomb.o ABSOLUTE
    ../clib/printf.c                         0x00000000   Number         0  _printf_longlong_dec.o ABSOLUTE
    ../clib/printf.c                         0x00000000   Number         0  _printf_oct_ll.o ABSOLUTE
    ../clib/printf.c                         0x00000000   Number         0  _printf_oct_int.o ABSOLUTE
    ../clib/printf.c                         0x00000000   Number         0  _printf_oct_int_ll.o ABSOLUTE
    ../clib/printf.c                         0x00000000   Number         0  _printf_hex_ll.o ABSOLUTE
    ../clib/printf.c                         0x00000000   Number         0  _printf_hex_int.o ABSOLUTE
    ../clib/printf.c                         0x00000000   Number         0  _printf_hex_int_ll.o ABSOLUTE
    ../clib/printf.c                         0x00000000   Number         0  _printf_hex_ptr.o ABSOLUTE
    ../clib/printf.c                         0x00000000   Number         0  _printf_hex_int_ptr.o ABSOLUTE
    ../clib/printf.c                         0x00000000   Number         0  _printf_hex_ll_ptr.o ABSOLUTE
    ../clib/printf.c                         0x00000000   Number         0  _printf_hex_int_ll_ptr.o ABSOLUTE
    ../clib/printf.c                         0x00000000   Number         0  __printf_flags.o ABSOLUTE
    ../clib/printf.c                         0x00000000   Number         0  __printf_ss.o ABSOLUTE
    ../clib/printf.c                         0x00000000   Number         0  __printf_flags_ss.o ABSOLUTE
    ../clib/printf.c                         0x00000000   Number         0  __printf_wp.o ABSOLUTE
    ../clib/printf.c                         0x00000000   Number         0  __printf_flags_wp.o ABSOLUTE
    ../clib/printf.c                         0x00000000   Number         0  __printf_ss_wp.o ABSOLUTE
    ../clib/printf.c                         0x00000000   Number         0  __printf_flags_ss_wp.o ABSOLUTE
    ../clib/printf.c                         0x00000000   Number         0  _printf_intcommon.o ABSOLUTE
    ../clib/printf.c                         0x00000000   Number         0  _printf_fp_dec.o ABSOLUTE
    ../clib/printf.c                         0x00000000   Number         0  _printf_fp_dec_accurate.o ABSOLUTE
    ../clib/printf.c                         0x00000000   Number         0  _printf_fp_hex.o ABSOLUTE
    ../clib/printf.c                         0x00000000   Number         0  __printf_nopercent.o ABSOLUTE
    ../clib/printf.c                         0x00000000   Number         0  _printf_char.o ABSOLUTE
    ../clib/printf.c                         0x00000000   Number         0  _printf_wchar.o ABSOLUTE
    ../clib/printf.c                         0x00000000   Number         0  _printf_fp_infnan.o ABSOLUTE
    ../clib/printf_percent.s                 0x00000000   Number         0  _printf_c.o ABSOLUTE
    ../clib/printf_percent.s                 0x00000000   Number         0  _printf_s.o ABSOLUTE
    ../clib/printf_percent.s                 0x00000000   Number         0  _printf_n.o ABSOLUTE
    ../clib/printf_percent.s                 0x00000000   Number         0  _printf_x.o ABSOLUTE
    ../clib/printf_percent.s                 0x00000000   Number         0  _printf_p.o ABSOLUTE
    ../clib/printf_percent.s                 0x00000000   Number         0  _printf_o.o ABSOLUTE
    ../clib/printf_percent.s                 0x00000000   Number         0  _printf_i.o ABSOLUTE
    ../clib/printf_percent.s                 0x00000000   Number         0  _printf_d.o ABSOLUTE
    ../clib/printf_percent.s                 0x00000000   Number         0  _printf_u.o ABSOLUTE
    ../clib/printf_percent.s                 0x00000000   Number         0  _printf_f.o ABSOLUTE
    ../clib/printf_percent.s                 0x00000000   Number         0  _printf_e.o ABSOLUTE
    ../clib/printf_percent.s                 0x00000000   Number         0  _printf_g.o ABSOLUTE
    ../clib/printf_percent.s                 0x00000000   Number         0  _printf_a.o ABSOLUTE
    ../clib/printf_percent.s                 0x00000000   Number         0  _printf_percent.o ABSOLUTE
    ../clib/printf_percent.s                 0x00000000   Number         0  _printf_lli.o ABSOLUTE
    ../clib/printf_percent.s                 0x00000000   Number         0  _printf_lld.o ABSOLUTE
    ../clib/printf_percent.s                 0x00000000   Number         0  _printf_llu.o ABSOLUTE
    ../clib/printf_percent.s                 0x00000000   Number         0  _printf_ll.o ABSOLUTE
    ../clib/printf_percent.s                 0x00000000   Number         0  _printf_l.o ABSOLUTE
    ../clib/printf_percent.s                 0x00000000   Number         0  _printf_lc.o ABSOLUTE
    ../clib/printf_percent.s                 0x00000000   Number         0  _printf_ls.o ABSOLUTE
    ../clib/printf_percent.s                 0x00000000   Number         0  _printf_llo.o ABSOLUTE
    ../clib/printf_percent.s                 0x00000000   Number         0  _printf_llx.o ABSOLUTE
    ../clib/printf_percent.s                 0x00000000   Number         0  _printf_percent_end.o ABSOLUTE
    ../clib/signal.c                         0x00000000   Number         0  defsig_rtmem_outer.o ABSOLUTE
    ../clib/signal.c                         0x00000000   Number         0  defsig_rtmem_formal.o ABSOLUTE
    ../clib/signal.c                         0x00000000   Number         0  defsig_exit.o ABSOLUTE
    ../clib/signal.c                         0x00000000   Number         0  defsig_rtmem_inner.o ABSOLUTE
    ../clib/signal.c                         0x00000000   Number         0  __raise.o ABSOLUTE
    ../clib/signal.c                         0x00000000   Number         0  defsig_general.o ABSOLUTE
    ../clib/signal.c                         0x00000000   Number         0  defsig_abrt_inner.o ABSOLUTE
    ../clib/signal.c                         0x00000000   Number         0  defsig_fpe_inner.o ABSOLUTE
    ../clib/signal.c                         0x00000000   Number         0  defsig_rtred_inner.o ABSOLUTE
    ../clib/signal.c                         0x00000000   Number         0  defsig_stak_inner.o ABSOLUTE
    ../clib/signal.c                         0x00000000   Number         0  defsig_pvfn_inner.o ABSOLUTE
    ../clib/signal.c                         0x00000000   Number         0  defsig_cppl_inner.o ABSOLUTE
    ../clib/signal.c                         0x00000000   Number         0  defsig_segv_inner.o ABSOLUTE
    ../clib/signal.c                         0x00000000   Number         0  defsig_other.o ABSOLUTE
    ../clib/signal.s                         0x00000000   Number         0  defsig.o ABSOLUTE
    ../clib/stdlib.c                         0x00000000   Number         0  exit.o ABSOLUTE
    ../fplib/fpinit.s                        0x00000000   Number         0  fpinit.o ABSOLUTE
    ../fplib/istatus.s                       0x00000000   Number         0  istatus.o ABSOLUTE
    ../fplib/printf1.s                       0x00000000   Number         0  printf1.o ABSOLUTE
    ../fplib/printf2.s                       0x00000000   Number         0  printf2.o ABSOLUTE
    ../fplib/printf2a.s                      0x00000000   Number         0  printf2a.o ABSOLUTE
    ../fplib/printf2b.s                      0x00000000   Number         0  printf2b.o ABSOLUTE
    ../fplib/usenofp.s                       0x00000000   Number         0  usenofp.o ABSOLUTE
    ../mathlib/fpclassify.c                  0x00000000   Number         0  fpclassify.o ABSOLUTE
    I2C.c                                    0x00000000   Number         0  i2c.o ABSOLUTE
    RTE/Device/STM32F446RETx/startup_stm32f446xx.s 0x00000000   Number         0  startup_stm32f446xx.o ABSOLUTE
    conf.c                                   0x00000000   Number         0  conf.o ABSOLUTE
    dc.s                                     0x00000000   Number         0  dc.o ABSOLUTE
    main.c                                   0x00000000   Number         0  main.o ABSOLUTE
    ssd1306.c                                0x00000000   Number         0  ssd1306.o ABSOLUTE
    ssd1306_fonts.c                          0x00000000   Number         0  ssd1306_fonts.o ABSOLUTE
    system_stm32f4xx.c                       0x00000000   Number         0  system_stm32f4xx.o ABSOLUTE
    RESET                                    0x08000000   Section      452  startup_stm32f446xx.o(RESET)
    !!!main                                  0x080001c4   Section        8  __main.o(!!!main)
    !!!scatter                               0x080001cc   Section       92  __scatter.o(!!!scatter)
    !!handler_null                           0x08000228   Section        2  __scatter.o(!!handler_null)
    !!handler_zi                             0x0800022c   Section       28  __scatter_zi.o(!!handler_zi)
    .ARM.Collect$$_printf_percent$$00000000  0x08000248   Section        0  _printf_percent.o(.ARM.Collect$$_printf_percent$$00000000)
    .ARM.Collect$$_printf_percent$$00000001  0x08000248   Section        6  _printf_n.o(.ARM.Collect$$_printf_percent$$00000001)
    .ARM.Collect$$_printf_percent$$00000002  0x0800024e   Section        6  _printf_p.o(.ARM.Collect$$_printf_percent$$00000002)
    .ARM.Collect$$_printf_percent$$00000003  0x08000254   Section        6  _printf_f.o(.ARM.Collect$$_printf_percent$$00000003)
    .ARM.Collect$$_printf_percent$$00000004  0x0800025a   Section        6  _printf_e.o(.ARM.Collect$$_printf_percent$$00000004)
    .ARM.Collect$$_printf_percent$$00000005  0x08000260   Section        6  _printf_g.o(.ARM.Collect$$_printf_percent$$00000005)
    .ARM.Collect$$_printf_percent$$00000006  0x08000266   Section        6  _printf_a.o(.ARM.Collect$$_printf_percent$$00000006)
    .ARM.Collect$$_printf_percent$$00000007  0x0800026c   Section       10  _printf_ll.o(.ARM.Collect$$_printf_percent$$00000007)
    .ARM.Collect$$_printf_percent$$00000008  0x08000276   Section        6  _printf_i.o(.ARM.Collect$$_printf_percent$$00000008)
    .ARM.Collect$$_printf_percent$$00000009  0x0800027c   Section        6  _printf_d.o(.ARM.Collect$$_printf_percent$$00000009)
    .ARM.Collect$$_printf_percent$$0000000A  0x08000282   Section        6  _printf_u.o(.ARM.Collect$$_printf_percent$$0000000A)
    .ARM.Collect$$_printf_percent$$0000000B  0x08000288   Section        6  _printf_o.o(.ARM.Collect$$_printf_percent$$0000000B)
    .ARM.Collect$$_printf_percent$$0000000C  0x0800028e   Section        6  _printf_x.o(.ARM.Collect$$_printf_percent$$0000000C)
    .ARM.Collect$$_printf_percent$$0000000D  0x08000294   Section        6  _printf_lli.o(.ARM.Collect$$_printf_percent$$0000000D)
    .ARM.Collect$$_printf_percent$$0000000E  0x0800029a   Section        6  _printf_lld.o(.ARM.Collect$$_printf_percent$$0000000E)
    .ARM.Collect$$_printf_percent$$0000000F  0x080002a0   Section        6  _printf_llu.o(.ARM.Collect$$_printf_percent$$0000000F)
    .ARM.Collect$$_printf_percent$$00000010  0x080002a6   Section        6  _printf_llo.o(.ARM.Collect$$_printf_percent$$00000010)
    .ARM.Collect$$_printf_percent$$00000011  0x080002ac   Section        6  _printf_llx.o(.ARM.Collect$$_printf_percent$$00000011)
    .ARM.Collect$$_printf_percent$$00000012  0x080002b2   Section       10  _printf_l.o(.ARM.Collect$$_printf_percent$$00000012)
    .ARM.Collect$$_printf_percent$$00000013  0x080002bc   Section        6  _printf_c.o(.ARM.Collect$$_printf_percent$$00000013)
    .ARM.Collect$$_printf_percent$$00000014  0x080002c2   Section        6  _printf_s.o(.ARM.Collect$$_printf_percent$$00000014)
    .ARM.Collect$$_printf_percent$$00000015  0x080002c8   Section        6  _printf_lc.o(.ARM.Collect$$_printf_percent$$00000015)
    .ARM.Collect$$_printf_percent$$00000016  0x080002ce   Section        6  _printf_ls.o(.ARM.Collect$$_printf_percent$$00000016)
    .ARM.Collect$$_printf_percent$$00000017  0x080002d4   Section        4  _printf_percent_end.o(.ARM.Collect$$_printf_percent$$00000017)
    .ARM.Collect$$libinit$$00000000          0x080002d8   Section        2  libinit.o(.ARM.Collect$$libinit$$00000000)
    .ARM.Collect$$libinit$$00000001          0x080002da   Section        4  libinit2.o(.ARM.Collect$$libinit$$00000001)
    .ARM.Collect$$libinit$$00000004          0x080002de   Section        0  libinit2.o(.ARM.Collect$$libinit$$00000004)
    .ARM.Collect$$libinit$$00000006          0x080002de   Section        0  libinit2.o(.ARM.Collect$$libinit$$00000006)
    .ARM.Collect$$libinit$$0000000C          0x080002de   Section        0  libinit2.o(.ARM.Collect$$libinit$$0000000C)
    .ARM.Collect$$libinit$$0000000E          0x080002de   Section        0  libinit2.o(.ARM.Collect$$libinit$$0000000E)
    .ARM.Collect$$libinit$$00000010          0x080002de   Section        0  libinit2.o(.ARM.Collect$$libinit$$00000010)
    .ARM.Collect$$libinit$$00000011          0x080002de   Section        6  libinit2.o(.ARM.Collect$$libinit$$00000011)
    .ARM.Collect$$libinit$$00000013          0x080002e4   Section        0  libinit2.o(.ARM.Collect$$libinit$$00000013)
    .ARM.Collect$$libinit$$00000014          0x080002e4   Section       12  libinit2.o(.ARM.Collect$$libinit$$00000014)
    .ARM.Collect$$libinit$$00000015          0x080002f0   Section        0  libinit2.o(.ARM.Collect$$libinit$$00000015)
    .ARM.Collect$$libinit$$00000017          0x080002f0   Section        0  libinit2.o(.ARM.Collect$$libinit$$00000017)
    .ARM.Collect$$libinit$$00000018          0x080002f0   Section       10  libinit2.o(.ARM.Collect$$libinit$$00000018)
    .ARM.Collect$$libinit$$00000019          0x080002fa   Section        0  libinit2.o(.ARM.Collect$$libinit$$00000019)
    .ARM.Collect$$libinit$$0000001B          0x080002fa   Section        0  libinit2.o(.ARM.Collect$$libinit$$0000001B)
    .ARM.Collect$$libinit$$0000001D          0x080002fa   Section        0  libinit2.o(.ARM.Collect$$libinit$$0000001D)
    .ARM.Collect$$libinit$$0000001F          0x080002fa   Section        0  libinit2.o(.ARM.Collect$$libinit$$0000001F)
    .ARM.Collect$$libinit$$00000021          0x080002fa   Section        0  libinit2.o(.ARM.Collect$$libinit$$00000021)
    .ARM.Collect$$libinit$$00000023          0x080002fa   Section        0  libinit2.o(.ARM.Collect$$libinit$$00000023)
    .ARM.Collect$$libinit$$00000025          0x080002fa   Section        0  libinit2.o(.ARM.Collect$$libinit$$00000025)
    .ARM.Collect$$libinit$$00000027          0x080002fa   Section        0  libinit2.o(.ARM.Collect$$libinit$$00000027)
    .ARM.Collect$$libinit$$0000002E          0x080002fa   Section        0  libinit2.o(.ARM.Collect$$libinit$$0000002E)
    .ARM.Collect$$libinit$$00000030          0x080002fa   Section        0  libinit2.o(.ARM.Collect$$libinit$$00000030)
    .ARM.Collect$$libinit$$00000032          0x080002fa   Section        0  libinit2.o(.ARM.Collect$$libinit$$00000032)
    .ARM.Collect$$libinit$$00000034          0x080002fa   Section        0  libinit2.o(.ARM.Collect$$libinit$$00000034)
    .ARM.Collect$$libinit$$00000035          0x080002fa   Section        2  libinit2.o(.ARM.Collect$$libinit$$00000035)
    .ARM.Collect$$libshutdown$$00000000      0x080002fc   Section        2  libshutdown.o(.ARM.Collect$$libshutdown$$00000000)
    .ARM.Collect$$libshutdown$$00000002      0x080002fe   Section        0  libshutdown2.o(.ARM.Collect$$libshutdown$$00000002)
    .ARM.Collect$$libshutdown$$00000004      0x080002fe   Section        0  libshutdown2.o(.ARM.Collect$$libshutdown$$00000004)
    .ARM.Collect$$libshutdown$$00000007      0x080002fe   Section        0  libshutdown2.o(.ARM.Collect$$libshutdown$$00000007)
    .ARM.Collect$$libshutdown$$0000000A      0x080002fe   Section        0  libshutdown2.o(.ARM.Collect$$libshutdown$$0000000A)
    .ARM.Collect$$libshutdown$$0000000C      0x080002fe   Section        0  libshutdown2.o(.ARM.Collect$$libshutdown$$0000000C)
    .ARM.Collect$$libshutdown$$0000000F      0x080002fe   Section        0  libshutdown2.o(.ARM.Collect$$libshutdown$$0000000F)
    .ARM.Collect$$libshutdown$$00000010      0x080002fe   Section        2  libshutdown2.o(.ARM.Collect$$libshutdown$$00000010)
    .ARM.Collect$$rtentry$$00000000          0x08000300   Section        0  __rtentry.o(.ARM.Collect$$rtentry$$00000000)
    .ARM.Collect$$rtentry$$00000002          0x08000300   Section        0  __rtentry2.o(.ARM.Collect$$rtentry$$00000002)
    .ARM.Collect$$rtentry$$00000004          0x08000300   Section        6  __rtentry4.o(.ARM.Collect$$rtentry$$00000004)
    .ARM.Collect$$rtentry$$00000009          0x08000306   Section        0  __rtentry2.o(.ARM.Collect$$rtentry$$00000009)
    .ARM.Collect$$rtentry$$0000000A          0x08000306   Section        4  __rtentry2.o(.ARM.Collect$$rtentry$$0000000A)
    .ARM.Collect$$rtentry$$0000000C          0x0800030a   Section        0  __rtentry2.o(.ARM.Collect$$rtentry$$0000000C)
    .ARM.Collect$$rtentry$$0000000D          0x0800030a   Section        8  __rtentry2.o(.ARM.Collect$$rtentry$$0000000D)
    .ARM.Collect$$rtexit$$00000000           0x08000312   Section        2  rtexit.o(.ARM.Collect$$rtexit$$00000000)
    .ARM.Collect$$rtexit$$00000002           0x08000314   Section        0  rtexit2.o(.ARM.Collect$$rtexit$$00000002)
    .ARM.Collect$$rtexit$$00000003           0x08000314   Section        4  rtexit2.o(.ARM.Collect$$rtexit$$00000003)
    .ARM.Collect$$rtexit$$00000004           0x08000318   Section        6  rtexit2.o(.ARM.Collect$$rtexit$$00000004)
    $v0                                      0x08000320   Number         0  startup_stm32f446xx.o(.text)
    .text                                    0x08000320   Section       64  startup_stm32f446xx.o(.text)
    .text                                    0x08000360   Section        0  sprintf.o(.text)
    .text                                    0x0800038c   Section       16  aeabi_memset.o(.text)
    .text                                    0x0800039c   Section       68  rt_memclr.o(.text)
    .text                                    0x080003e0   Section        0  heapauxi.o(.text)
    .text                                    0x080003e6   Section        0  _printf_pad.o(.text)
    .text                                    0x08000434   Section        0  _printf_truncate.o(.text)
    .text                                    0x08000458   Section        0  _printf_str.o(.text)
    .text                                    0x080004ac   Section        0  _printf_dec.o(.text)
    .text                                    0x08000524   Section        0  _printf_charcount.o(.text)
    _printf_input_char                       0x0800054d   Thumb Code    10  _printf_char_common.o(.text)
    .text                                    0x0800054c   Section        0  _printf_char_common.o(.text)
    .text                                    0x0800057c   Section        0  _sputc.o(.text)
    .text                                    0x08000588   Section        0  _printf_wctomb.o(.text)
    .text                                    0x08000644   Section        0  _printf_longlong_dec.o(.text)
    _printf_longlong_oct_internal            0x080006c1   Thumb Code     0  _printf_oct_int_ll.o(.text)
    .text                                    0x080006c0   Section        0  _printf_oct_int_ll.o(.text)
    _printf_hex_common                       0x08000731   Thumb Code     0  _printf_hex_int_ll_ptr.o(.text)
    .text                                    0x08000730   Section        0  _printf_hex_int_ll_ptr.o(.text)
    .text                                    0x080007c4   Section        0  __printf_flags_ss_wp.o(.text)
    .text                                    0x0800094c   Section       78  rt_memclr_w.o(.text)
    .text                                    0x0800099a   Section      138  lludiv10.o(.text)
    .text                                    0x08000a24   Section        0  _printf_intcommon.o(.text)
    _fp_digits                               0x08000ad7   Thumb Code   432  _printf_fp_dec.o(.text)
    .text                                    0x08000ad6   Section        0  _printf_fp_dec.o(.text)
    .text                                    0x08000ef4   Section        0  _printf_fp_hex.o(.text)
    .text                                    0x080011f0   Section        0  _printf_char.o(.text)
    .text                                    0x0800121c   Section        0  _printf_wchar.o(.text)
    .text                                    0x08001248   Section        0  _c16rtomb.o(.text)
    .text                                    0x08001290   Section       74  sys_stackheap_outer.o(.text)
    .text                                    0x080012dc   Section       16  rt_ctype_table.o(.text)
    .text                                    0x080012ec   Section        8  rt_locale_intlibspace.o(.text)
    .text                                    0x080012f4   Section        0  _printf_fp_infnan.o(.text)
    .text                                    0x08001374   Section        0  bigflt0.o(.text)
    .text                                    0x08001458   Section        0  exit.o(.text)
    .text                                    0x0800146c   Section        8  libspace.o(.text)
    .text                                    0x08001478   Section      124  strcmpv7em.o(.text)
    .text                                    0x080014f4   Section        0  sys_exit.o(.text)
    .text                                    0x08001500   Section        2  use_no_semi.o(.text)
    .text                                    0x08001502   Section        0  indicate_semi.o(.text)
    [Anonymous Symbol]                       0x08001504   Section        0  i2c.o(.text.I2C_WriteCommand)
    [Anonymous Symbol]                       0x080015cc   Section        0  i2c.o(.text.I2C_Write_Buffer)
    [Anonymous Symbol]                       0x080016bc   Section        0  system_stm32f4xx.o(.text.SystemInit)
    [Anonymous Symbol]                       0x080016d0   Section        0  conf.o(.text.confADC)
    [Anonymous Symbol]                       0x08001720   Section        0  conf.o(.text.confGPIO)
    [Anonymous Symbol]                       0x0800178c   Section        0  conf.o(.text.confI2C)
    [Anonymous Symbol]                       0x080017d0   Section        0  conf.o(.text.confRCC)
    [Anonymous Symbol]                       0x08001804   Section        0  conf.o(.text.convADC)
    [Anonymous Symbol]                       0x08001850   Section        0  i2c.o(.text.delay_ms)
    [Anonymous Symbol]                       0x0800187c   Section        0  main.o(.text.main)
    [Anonymous Symbol]                       0x08001954   Section        0  conf.o(.text.setConf)
    [Anonymous Symbol]                       0x08001968   Section        0  ssd1306.o(.text.ssd1306_DrawPixel)
    [Anonymous Symbol]                       0x080019fc   Section        0  ssd1306.o(.text.ssd1306_Fill)
    [Anonymous Symbol]                       0x08001a38   Section        0  ssd1306.o(.text.ssd1306_Init)
    [Anonymous Symbol]                       0x08001afc   Section        0  ssd1306.o(.text.ssd1306_SetCursor)
    [Anonymous Symbol]                       0x08001b20   Section        0  ssd1306.o(.text.ssd1306_UpdateScreen)
    [Anonymous Symbol]                       0x08001b78   Section        0  ssd1306.o(.text.ssd1306_WriteChar)
    ssd1306_WriteCommand                     0x08001cd9   Thumb Code    20  ssd1306.o(.text.ssd1306_WriteCommand)
    [Anonymous Symbol]                       0x08001cd8   Section        0  ssd1306.o(.text.ssd1306_WriteCommand)
    ssd1306_WriteData                        0x08001ced   Thumb Code    22  ssd1306.o(.text.ssd1306_WriteData)
    [Anonymous Symbol]                       0x08001cec   Section        0  ssd1306.o(.text.ssd1306_WriteData)
    [Anonymous Symbol]                       0x08001d04   Section        0  ssd1306.o(.text.ssd1306_WriteString)
    CL$$btod_d2e                             0x08001d70   Section       62  btod.o(CL$$btod_d2e)
    CL$$btod_d2e_denorm_low                  0x08001dae   Section       70  btod.o(CL$$btod_d2e_denorm_low)
    CL$$btod_d2e_norm_op1                    0x08001df4   Section       96  btod.o(CL$$btod_d2e_norm_op1)
    CL$$btod_div_common                      0x08001e54   Section      824  btod.o(CL$$btod_div_common)
    CL$$btod_e2e                             0x0800218c   Section      220  btod.o(CL$$btod_e2e)
    CL$$btod_ediv                            0x08002268   Section       42  btod.o(CL$$btod_ediv)
    CL$$btod_emul                            0x08002292   Section       42  btod.o(CL$$btod_emul)
    CL$$btod_mult_common                     0x080022bc   Section      580  btod.o(CL$$btod_mult_common)
    i.__ARM_fpclassify                       0x08002500   Section        0  fpclassify.o(i.__ARM_fpclassify)
    i._is_digit                              0x08002530   Section        0  __printf_wp.o(i._is_digit)
    locale$$code                             0x08002540   Section       44  lc_numeric_c.o(locale$$code)
    locale$$code                             0x0800256c   Section       44  lc_ctype_c.o(locale$$code)
    $v0                                      0x08002598   Number         0  fpinit.o(x$fpl$fpinit)
    x$fpl$fpinit                             0x08002598   Section       26  fpinit.o(x$fpl$fpinit)
    $v0                                      0x080025b2   Number         0  printf1.o(x$fpl$printf1)
    x$fpl$printf1                            0x080025b2   Section        4  printf1.o(x$fpl$printf1)
    $v0                                      0x080025b6   Number         0  printf2.o(x$fpl$printf2)
    x$fpl$printf2                            0x080025b6   Section        4  printf2.o(x$fpl$printf2)
    x$fpl$usenofp                            0x080025ba   Section        0  usenofp.o(x$fpl$usenofp)
    initial_mbstate                          0x080025bc   Data           8  _printf_wctomb.o(.constdata)
    .constdata                               0x080025bc   Section        8  _printf_wctomb.o(.constdata)
    uc_hextab                                0x080025c4   Data          20  _printf_hex_int_ll_ptr.o(.constdata)
    .constdata                               0x080025c4   Section       40  _printf_hex_int_ll_ptr.o(.constdata)
    lc_hextab                                0x080025d8   Data          20  _printf_hex_int_ll_ptr.o(.constdata)
    maptable                                 0x080025ec   Data          17  __printf_flags_ss_wp.o(.constdata)
    .constdata                               0x080025ec   Section       17  __printf_flags_ss_wp.o(.constdata)
    lc_hextab                                0x080025fd   Data          19  _printf_fp_hex.o(.constdata)
    .constdata                               0x080025fd   Section       38  _printf_fp_hex.o(.constdata)
    uc_hextab                                0x08002610   Data          19  _printf_fp_hex.o(.constdata)
    tenpwrs_x                                0x08002624   Data          60  bigflt0.o(.constdata)
    .constdata                               0x08002624   Section      148  bigflt0.o(.constdata)
    tenpwrs_i                                0x08002660   Data          64  bigflt0.o(.constdata)
    Font11x18                                0x080026b8   Data        3420  ssd1306_fonts.o(.rodata.Font11x18)
    [Anonymous Symbol]                       0x080026b8   Section        0  ssd1306_fonts.o(.rodata.Font11x18)
    .L.str                                   0x08003420   Data          12  main.o(.rodata.str1.1)
    [Anonymous Symbol]                       0x08003420   Section        0  main.o(.rodata.str1.1)
    .L.str.1                                 0x0800342c   Data           8  main.o(.rodata.str1.1)
    locale$$data                             0x08003444   Section       28  lc_numeric_c.o(locale$$data)
    __lcnum_c_name                           0x08003448   Data           2  lc_numeric_c.o(locale$$data)
    __lcnum_c_start                          0x08003450   Data           0  lc_numeric_c.o(locale$$data)
    __lcnum_c_point                          0x0800345c   Data           0  lc_numeric_c.o(locale$$data)
    __lcnum_c_thousands                      0x0800345e   Data           0  lc_numeric_c.o(locale$$data)
    __lcnum_c_grouping                       0x0800345f   Data           0  lc_numeric_c.o(locale$$data)
    __lcnum_c_end                            0x08003460   Data           0  lc_numeric_c.o(locale$$data)
    locale$$data                             0x08003460   Section      272  lc_ctype_c.o(locale$$data)
    __lcctype_c_name                         0x08003464   Data           2  lc_ctype_c.o(locale$$data)
    __lcctype_c_start                        0x0800346c   Data           0  lc_ctype_c.o(locale$$data)
    __lcctype_c_end                          0x08003570   Data           0  lc_ctype_c.o(locale$$data)
    .bss                                     0x20000000   Section       96  libspace.o(.bss)
    SSD1306                                  0x20000060   Data           6  ssd1306.o(.bss.SSD1306)
    [Anonymous Symbol]                       0x20000060   Section        0  ssd1306.o(.bss.SSD1306)
    SSD1306_Buffer                           0x20000066   Data        1024  ssd1306.o(.bss.SSD1306_Buffer)
    [Anonymous Symbol]                       0x20000066   Section        0  ssd1306.o(.bss.SSD1306_Buffer)
    Heap_Mem                                 0x20000468   Data         512  startup_stm32f446xx.o(HEAP)
    HEAP                                     0x20000468   Section      512  startup_stm32f446xx.o(HEAP)
    Stack_Mem                                0x20000668   Data        1024  startup_stm32f446xx.o(STACK)
    STACK                                    0x20000668   Section     1024  startup_stm32f446xx.o(STACK)
    __initial_sp                             0x20000a68   Data           0  startup_stm32f446xx.o(STACK)

    Global Symbols

    Symbol Name                              Value     Ov Type        Size  Object(Section)

    BuildAttributes$$THM_ISAv4$E$P$D$K$B$S$7EM$VFPi3$EXTD16$VFPS$VFMA$PE$A:L22UL41UL21$X:L11$S22US41US21$IEEE1$IW$~IW$USESV6$~STKCKD$USESV7$~SHL$OTIME$ROPI$IEEEJ$EBA8$UX$STANDARDLIB$REQ8$PRES8$EABIv2 0x00000000   Number         0  anon$$obj.o ABSOLUTE
    _printf_flags                            0x00000000   Number         0  printf_stubs.o ABSOLUTE
    _printf_return_value                     0x00000000   Number         0  printf_stubs.o ABSOLUTE
    _printf_sizespec                         0x00000000   Number         0  printf_stubs.o ABSOLUTE
    _printf_widthprec                        0x00000000   Number         0  printf_stubs.o ABSOLUTE
    __ARM_exceptions_init                     - Undefined Weak Reference
    __alloca_initialize                       - Undefined Weak Reference
    __arm_preinit_                            - Undefined Weak Reference
    __arm_relocate_pie_                       - Undefined Weak Reference
    __cpp_initialize__aeabi_                  - Undefined Weak Reference
    __cxa_finalize                            - Undefined Weak Reference
    __sigvec_lookup                           - Undefined Weak Reference
    _atexit_init                              - Undefined Weak Reference
    _call_atexit_fns                          - Undefined Weak Reference
    _clock_init                               - Undefined Weak Reference
    _fp_trap_init                             - Undefined Weak Reference
    _fp_trap_shutdown                         - Undefined Weak Reference
    _get_lc_collate                           - Undefined Weak Reference
    _get_lc_monetary                          - Undefined Weak Reference
    _get_lc_time                              - Undefined Weak Reference
    _getenv_init                              - Undefined Weak Reference
    _handle_redirection                       - Undefined Weak Reference
    _init_alloc                               - Undefined Weak Reference
    _init_user_alloc                          - Undefined Weak Reference
    _initio                                   - Undefined Weak Reference
    _printf_mbtowc                            - Undefined Weak Reference
    _printf_wc                                - Undefined Weak Reference
    _rand_init                                - Undefined Weak Reference
    _signal_finish                            - Undefined Weak Reference
    _signal_init                              - Undefined Weak Reference
    _terminate_alloc                          - Undefined Weak Reference
    _terminate_user_alloc                     - Undefined Weak Reference
    _terminateio                              - Undefined Weak Reference
    __Vectors_Size                           0x000001c4   Number         0  startup_stm32f446xx.o ABSOLUTE
    __Vectors                                0x08000000   Data           4  startup_stm32f446xx.o(RESET)
    __Vectors_End                            0x080001c4   Data           0  startup_stm32f446xx.o(RESET)
    __main                                   0x080001c5   Thumb Code     8  __main.o(!!!main)
    __scatterload                            0x080001cd   Thumb Code     0  __scatter.o(!!!scatter)
    __scatterload_rt2                        0x080001cd   Thumb Code    84  __scatter.o(!!!scatter)
    __scatterload_rt2_thumb_only             0x080001cd   Thumb Code     0  __scatter.o(!!!scatter)
    __scatterload_loop                       0x080001d7   Thumb Code     0  __scatter.o(!!!scatter)
    __scatterload_null                       0x08000229   Thumb Code     2  __scatter.o(!!handler_null)
    __scatterload_zeroinit                   0x0800022d   Thumb Code    28  __scatter_zi.o(!!handler_zi)
    _printf_n                                0x08000249   Thumb Code     0  _printf_n.o(.ARM.Collect$$_printf_percent$$00000001)
    _printf_percent                          0x08000249   Thumb Code     0  _printf_percent.o(.ARM.Collect$$_printf_percent$$00000000)
    _printf_p                                0x0800024f   Thumb Code     0  _printf_p.o(.ARM.Collect$$_printf_percent$$00000002)
    _printf_f                                0x08000255   Thumb Code     0  _printf_f.o(.ARM.Collect$$_printf_percent$$00000003)
    _printf_e                                0x0800025b   Thumb Code     0  _printf_e.o(.ARM.Collect$$_printf_percent$$00000004)
    _printf_g                                0x08000261   Thumb Code     0  _printf_g.o(.ARM.Collect$$_printf_percent$$00000005)
    _printf_a                                0x08000267   Thumb Code     0  _printf_a.o(.ARM.Collect$$_printf_percent$$00000006)
    _printf_ll                               0x0800026d   Thumb Code     0  _printf_ll.o(.ARM.Collect$$_printf_percent$$00000007)
    _printf_i                                0x08000277   Thumb Code     0  _printf_i.o(.ARM.Collect$$_printf_percent$$00000008)
    _printf_d                                0x0800027d   Thumb Code     0  _printf_d.o(.ARM.Collect$$_printf_percent$$00000009)
    _printf_u                                0x08000283   Thumb Code     0  _printf_u.o(.ARM.Collect$$_printf_percent$$0000000A)
    _printf_o                                0x08000289   Thumb Code     0  _printf_o.o(.ARM.Collect$$_printf_percent$$0000000B)
    _printf_x                                0x0800028f   Thumb Code     0  _printf_x.o(.ARM.Collect$$_printf_percent$$0000000C)
    _printf_lli                              0x08000295   Thumb Code     0  _printf_lli.o(.ARM.Collect$$_printf_percent$$0000000D)
    _printf_lld                              0x0800029b   Thumb Code     0  _printf_lld.o(.ARM.Collect$$_printf_percent$$0000000E)
    _printf_llu                              0x080002a1   Thumb Code     0  _printf_llu.o(.ARM.Collect$$_printf_percent$$0000000F)
    _printf_llo                              0x080002a7   Thumb Code     0  _printf_llo.o(.ARM.Collect$$_printf_percent$$00000010)
    _printf_llx                              0x080002ad   Thumb Code     0  _printf_llx.o(.ARM.Collect$$_printf_percent$$00000011)
    _printf_l                                0x080002b3   Thumb Code     0  _printf_l.o(.ARM.Collect$$_printf_percent$$00000012)
    _printf_c                                0x080002bd   Thumb Code     0  _printf_c.o(.ARM.Collect$$_printf_percent$$00000013)
    _printf_s                                0x080002c3   Thumb Code     0  _printf_s.o(.ARM.Collect$$_printf_percent$$00000014)
    _printf_lc                               0x080002c9   Thumb Code     0  _printf_lc.o(.ARM.Collect$$_printf_percent$$00000015)
    _printf_ls                               0x080002cf   Thumb Code     0  _printf_ls.o(.ARM.Collect$$_printf_percent$$00000016)
    _printf_percent_end                      0x080002d5   Thumb Code     0  _printf_percent_end.o(.ARM.Collect$$_printf_percent$$00000017)
    __rt_lib_init                            0x080002d9   Thumb Code     0  libinit.o(.ARM.Collect$$libinit$$00000000)
    __rt_lib_init_fp_1                       0x080002db   Thumb Code     0  libinit2.o(.ARM.Collect$$libinit$$00000001)
    __rt_lib_init_heap_1                     0x080002df   Thumb Code     0  libinit2.o(.ARM.Collect$$libinit$$0000000C)
    __rt_lib_init_lc_common                  0x080002df   Thumb Code     0  libinit2.o(.ARM.Collect$$libinit$$00000011)
    __rt_lib_init_preinit_1                  0x080002df   Thumb Code     0  libinit2.o(.ARM.Collect$$libinit$$00000006)
    __rt_lib_init_rand_1                     0x080002df   Thumb Code     0  libinit2.o(.ARM.Collect$$libinit$$00000010)
    __rt_lib_init_relocate_pie_1             0x080002df   Thumb Code     0  libinit2.o(.ARM.Collect$$libinit$$00000004)
    __rt_lib_init_user_alloc_1               0x080002df   Thumb Code     0  libinit2.o(.ARM.Collect$$libinit$$0000000E)
    __rt_lib_init_lc_collate_1               0x080002e5   Thumb Code     0  libinit2.o(.ARM.Collect$$libinit$$00000013)
    __rt_lib_init_lc_ctype_2                 0x080002e5   Thumb Code     0  libinit2.o(.ARM.Collect$$libinit$$00000014)
    __rt_lib_init_lc_ctype_1                 0x080002f1   Thumb Code     0  libinit2.o(.ARM.Collect$$libinit$$00000015)
    __rt_lib_init_lc_monetary_1              0x080002f1   Thumb Code     0  libinit2.o(.ARM.Collect$$libinit$$00000017)
    __rt_lib_init_lc_numeric_2               0x080002f1   Thumb Code     0  libinit2.o(.ARM.Collect$$libinit$$00000018)
    __rt_lib_init_alloca_1                   0x080002fb   Thumb Code     0  libinit2.o(.ARM.Collect$$libinit$$00000030)
    __rt_lib_init_argv_1                     0x080002fb   Thumb Code     0  libinit2.o(.ARM.Collect$$libinit$$0000002E)
    __rt_lib_init_atexit_1                   0x080002fb   Thumb Code     0  libinit2.o(.ARM.Collect$$libinit$$0000001D)
    __rt_lib_init_clock_1                    0x080002fb   Thumb Code     0  libinit2.o(.ARM.Collect$$libinit$$00000023)
    __rt_lib_init_cpp_1                      0x080002fb   Thumb Code     0  libinit2.o(.ARM.Collect$$libinit$$00000034)
    __rt_lib_init_exceptions_1               0x080002fb   Thumb Code     0  libinit2.o(.ARM.Collect$$libinit$$00000032)
    __rt_lib_init_fp_trap_1                  0x080002fb   Thumb Code     0  libinit2.o(.ARM.Collect$$libinit$$00000021)
    __rt_lib_init_getenv_1                   0x080002fb   Thumb Code     0  libinit2.o(.ARM.Collect$$libinit$$00000025)
    __rt_lib_init_lc_numeric_1               0x080002fb   Thumb Code     0  libinit2.o(.ARM.Collect$$libinit$$00000019)
    __rt_lib_init_lc_time_1                  0x080002fb   Thumb Code     0  libinit2.o(.ARM.Collect$$libinit$$0000001B)
    __rt_lib_init_return                     0x080002fb   Thumb Code     0  libinit2.o(.ARM.Collect$$libinit$$00000035)
    __rt_lib_init_signal_1                   0x080002fb   Thumb Code     0  libinit2.o(.ARM.Collect$$libinit$$0000001F)
    __rt_lib_init_stdio_1                    0x080002fb   Thumb Code     0  libinit2.o(.ARM.Collect$$libinit$$00000027)
    __rt_lib_shutdown                        0x080002fd   Thumb Code     0  libshutdown.o(.ARM.Collect$$libshutdown$$00000000)
    __rt_lib_shutdown_cpp_1                  0x080002ff   Thumb Code     0  libshutdown2.o(.ARM.Collect$$libshutdown$$00000002)
    __rt_lib_shutdown_fp_trap_1              0x080002ff   Thumb Code     0  libshutdown2.o(.ARM.Collect$$libshutdown$$00000007)
    __rt_lib_shutdown_heap_1                 0x080002ff   Thumb Code     0  libshutdown2.o(.ARM.Collect$$libshutdown$$0000000F)
    __rt_lib_shutdown_return                 0x080002ff   Thumb Code     0  libshutdown2.o(.ARM.Collect$$libshutdown$$00000010)
    __rt_lib_shutdown_signal_1               0x080002ff   Thumb Code     0  libshutdown2.o(.ARM.Collect$$libshutdown$$0000000A)
    __rt_lib_shutdown_stdio_1                0x080002ff   Thumb Code     0  libshutdown2.o(.ARM.Collect$$libshutdown$$00000004)
    __rt_lib_shutdown_user_alloc_1           0x080002ff   Thumb Code     0  libshutdown2.o(.ARM.Collect$$libshutdown$$0000000C)
    __rt_entry                               0x08000301   Thumb Code     0  __rtentry.o(.ARM.Collect$$rtentry$$00000000)
    __rt_entry_presh_1                       0x08000301   Thumb Code     0  __rtentry2.o(.ARM.Collect$$rtentry$$00000002)
    __rt_entry_sh                            0x08000301   Thumb Code     0  __rtentry4.o(.ARM.Collect$$rtentry$$00000004)
    __rt_entry_li                            0x08000307   Thumb Code     0  __rtentry2.o(.ARM.Collect$$rtentry$$0000000A)
    __rt_entry_postsh_1                      0x08000307   Thumb Code     0  __rtentry2.o(.ARM.Collect$$rtentry$$00000009)
    __rt_entry_main                          0x0800030b   Thumb Code     0  __rtentry2.o(.ARM.Collect$$rtentry$$0000000D)
    __rt_entry_postli_1                      0x0800030b   Thumb Code     0  __rtentry2.o(.ARM.Collect$$rtentry$$0000000C)
    __rt_exit                                0x08000313   Thumb Code     0  rtexit.o(.ARM.Collect$$rtexit$$00000000)
    __rt_exit_ls                             0x08000315   Thumb Code     0  rtexit2.o(.ARM.Collect$$rtexit$$00000003)
    __rt_exit_prels_1                        0x08000315   Thumb Code     0  rtexit2.o(.ARM.Collect$$rtexit$$00000002)
    __rt_exit_exit                           0x08000319   Thumb Code     0  rtexit2.o(.ARM.Collect$$rtexit$$00000004)
    Reset_Handler                            0x08000321   Thumb Code     8  startup_stm32f446xx.o(.text)
    NMI_Handler                              0x08000329   Thumb Code     2  startup_stm32f446xx.o(.text)
    HardFault_Handler                        0x0800032b   Thumb Code     2  startup_stm32f446xx.o(.text)
    MemManage_Handler                        0x0800032d   Thumb Code     2  startup_stm32f446xx.o(.text)
    BusFault_Handler                         0x0800032f   Thumb Code     2  startup_stm32f446xx.o(.text)
    UsageFault_Handler                       0x08000331   Thumb Code     2  startup_stm32f446xx.o(.text)
    SVC_Handler                              0x08000333   Thumb Code     2  startup_stm32f446xx.o(.text)
    DebugMon_Handler                         0x08000335   Thumb Code     2  startup_stm32f446xx.o(.text)
    PendSV_Handler                           0x08000337   Thumb Code     2  startup_stm32f446xx.o(.text)
    SysTick_Handler                          0x08000339   Thumb Code     2  startup_stm32f446xx.o(.text)
    ADC_IRQHandler                           0x0800033b   Thumb Code     0  startup_stm32f446xx.o(.text)
    CAN1_RX0_IRQHandler                      0x0800033b   Thumb Code     0  startup_stm32f446xx.o(.text)
    CAN1_RX1_IRQHandler                      0x0800033b   Thumb Code     0  startup_stm32f446xx.o(.text)
    CAN1_SCE_IRQHandler                      0x0800033b   Thumb Code     0  startup_stm32f446xx.o(.text)
    CAN1_TX_IRQHandler                       0x0800033b   Thumb Code     0  startup_stm32f446xx.o(.text)
    CAN2_RX0_IRQHandler                      0x0800033b   Thumb Code     0  startup_stm32f446xx.o(.text)
    CAN2_RX1_IRQHandler                      0x0800033b   Thumb Code     0  startup_stm32f446xx.o(.text)
    CAN2_SCE_IRQHandler                      0x0800033b   Thumb Code     0  startup_stm32f446xx.o(.text)
    CAN2_TX_IRQHandler                       0x0800033b   Thumb Code     0  startup_stm32f446xx.o(.text)
    CEC_IRQHandler                           0x0800033b   Thumb Code     0  startup_stm32f446xx.o(.text)
    DCMI_IRQHandler                          0x0800033b   Thumb Code     0  startup_stm32f446xx.o(.text)
    DMA1_Stream0_IRQHandler                  0x0800033b   Thumb Code     0  startup_stm32f446xx.o(.text)
    DMA1_Stream1_IRQHandler                  0x0800033b   Thumb Code     0  startup_stm32f446xx.o(.text)
    DMA1_Stream2_IRQHandler                  0x0800033b   Thumb Code     0  startup_stm32f446xx.o(.text)
    DMA1_Stream3_IRQHandler                  0x0800033b   Thumb Code     0  startup_stm32f446xx.o(.text)
    DMA1_Stream4_IRQHandler                  0x0800033b   Thumb Code     0  startup_stm32f446xx.o(.text)
    DMA1_Stream5_IRQHandler                  0x0800033b   Thumb Code     0  startup_stm32f446xx.o(.text)
    DMA1_Stream6_IRQHandler                  0x0800033b   Thumb Code     0  startup_stm32f446xx.o(.text)
    DMA1_Stream7_IRQHandler                  0x0800033b   Thumb Code     0  startup_stm32f446xx.o(.text)
    DMA2_Stream0_IRQHandler                  0x0800033b   Thumb Code     0  startup_stm32f446xx.o(.text)
    DMA2_Stream1_IRQHandler                  0x0800033b   Thumb Code     0  startup_stm32f446xx.o(.text)
    DMA2_Stream2_IRQHandler                  0x0800033b   Thumb Code     0  startup_stm32f446xx.o(.text)
    DMA2_Stream3_IRQHandler                  0x0800033b   Thumb Code     0  startup_stm32f446xx.o(.text)
    DMA2_Stream4_IRQHandler                  0x0800033b   Thumb Code     0  startup_stm32f446xx.o(.text)
    DMA2_Stream5_IRQHandler                  0x0800033b   Thumb Code     0  startup_stm32f446xx.o(.text)
    DMA2_Stream6_IRQHandler                  0x0800033b   Thumb Code     0  startup_stm32f446xx.o(.text)
    DMA2_Stream7_IRQHandler                  0x0800033b   Thumb Code     0  startup_stm32f446xx.o(.text)
    EXTI0_IRQHandler                         0x0800033b   Thumb Code     0  startup_stm32f446xx.o(.text)
    EXTI15_10_IRQHandler                     0x0800033b   Thumb Code     0  startup_stm32f446xx.o(.text)
    EXTI1_IRQHandler                         0x0800033b   Thumb Code     0  startup_stm32f446xx.o(.text)
    EXTI2_IRQHandler                         0x0800033b   Thumb Code     0  startup_stm32f446xx.o(.text)
    EXTI3_IRQHandler                         0x0800033b   Thumb Code     0  startup_stm32f446xx.o(.text)
    EXTI4_IRQHandler                         0x0800033b   Thumb Code     0  startup_stm32f446xx.o(.text)
    EXTI9_5_IRQHandler                       0x0800033b   Thumb Code     0  startup_stm32f446xx.o(.text)
    FLASH_IRQHandler                         0x0800033b   Thumb Code     0  startup_stm32f446xx.o(.text)
    FMC_IRQHandler                           0x0800033b   Thumb Code     0  startup_stm32f446xx.o(.text)
    FMPI2C1_ER_IRQHandler                    0x0800033b   Thumb Code     0  startup_stm32f446xx.o(.text)
    FMPI2C1_EV_IRQHandler                    0x0800033b   Thumb Code     0  startup_stm32f446xx.o(.text)
    FPU_IRQHandler                           0x0800033b   Thumb Code     0  startup_stm32f446xx.o(.text)
    I2C1_ER_IRQHandler                       0x0800033b   Thumb Code     0  startup_stm32f446xx.o(.text)
    I2C1_EV_IRQHandler                       0x0800033b   Thumb Code     0  startup_stm32f446xx.o(.text)
    I2C2_ER_IRQHandler                       0x0800033b   Thumb Code     0  startup_stm32f446xx.o(.text)
    I2C2_EV_IRQHandler                       0x0800033b   Thumb Code     0  startup_stm32f446xx.o(.text)
    I2C3_ER_IRQHandler                       0x0800033b   Thumb Code     0  startup_stm32f446xx.o(.text)
    I2C3_EV_IRQHandler                       0x0800033b   Thumb Code     0  startup_stm32f446xx.o(.text)
    OTG_FS_IRQHandler                        0x0800033b   Thumb Code     0  startup_stm32f446xx.o(.text)
    OTG_FS_WKUP_IRQHandler                   0x0800033b   Thumb Code     0  startup_stm32f446xx.o(.text)
    OTG_HS_EP1_IN_IRQHandler                 0x0800033b   Thumb Code     0  startup_stm32f446xx.o(.text)
    OTG_HS_EP1_OUT_IRQHandler                0x0800033b   Thumb Code     0  startup_stm32f446xx.o(.text)
    OTG_HS_IRQHandler                        0x0800033b   Thumb Code     0  startup_stm32f446xx.o(.text)
    OTG_HS_WKUP_IRQHandler                   0x0800033b   Thumb Code     0  startup_stm32f446xx.o(.text)
    PVD_IRQHandler                           0x0800033b   Thumb Code     0  startup_stm32f446xx.o(.text)
    QUADSPI_IRQHandler                       0x0800033b   Thumb Code     0  startup_stm32f446xx.o(.text)
    RCC_IRQHandler                           0x0800033b   Thumb Code     0  startup_stm32f446xx.o(.text)
    RTC_Alarm_IRQHandler                     0x0800033b   Thumb Code     0  startup_stm32f446xx.o(.text)
    RTC_WKUP_IRQHandler                      0x0800033b   Thumb Code     0  startup_stm32f446xx.o(.text)
    SAI1_IRQHandler                          0x0800033b   Thumb Code     0  startup_stm32f446xx.o(.text)
    SAI2_IRQHandler                          0x0800033b   Thumb Code     0  startup_stm32f446xx.o(.text)
    SDIO_IRQHandler                          0x0800033b   Thumb Code     0  startup_stm32f446xx.o(.text)
    SPDIF_RX_IRQHandler                      0x0800033b   Thumb Code     0  startup_stm32f446xx.o(.text)
    SPI1_IRQHandler                          0x0800033b   Thumb Code     0  startup_stm32f446xx.o(.text)
    SPI2_IRQHandler                          0x0800033b   Thumb Code     0  startup_stm32f446xx.o(.text)
    SPI3_IRQHandler                          0x0800033b   Thumb Code     0  startup_stm32f446xx.o(.text)
    SPI4_IRQHandler                          0x0800033b   Thumb Code     0  startup_stm32f446xx.o(.text)
    TAMP_STAMP_IRQHandler                    0x0800033b   Thumb Code     0  startup_stm32f446xx.o(.text)
    TIM1_BRK_TIM9_IRQHandler                 0x0800033b   Thumb Code     0  startup_stm32f446xx.o(.text)
    TIM1_CC_IRQHandler                       0x0800033b   Thumb Code     0  startup_stm32f446xx.o(.text)
    TIM1_TRG_COM_TIM11_IRQHandler            0x0800033b   Thumb Code     0  startup_stm32f446xx.o(.text)
    TIM1_UP_TIM10_IRQHandler                 0x0800033b   Thumb Code     0  startup_stm32f446xx.o(.text)
    TIM2_IRQHandler                          0x0800033b   Thumb Code     0  startup_stm32f446xx.o(.text)
    TIM3_IRQHandler                          0x0800033b   Thumb Code     0  startup_stm32f446xx.o(.text)
    TIM4_IRQHandler                          0x0800033b   Thumb Code     0  startup_stm32f446xx.o(.text)
    TIM5_IRQHandler                          0x0800033b   Thumb Code     0  startup_stm32f446xx.o(.text)
    TIM6_DAC_IRQHandler                      0x0800033b   Thumb Code     0  startup_stm32f446xx.o(.text)
    TIM7_IRQHandler                          0x0800033b   Thumb Code     0  startup_stm32f446xx.o(.text)
    TIM8_BRK_TIM12_IRQHandler                0x0800033b   Thumb Code     0  startup_stm32f446xx.o(.text)
    TIM8_CC_IRQHandler                       0x0800033b   Thumb Code     0  startup_stm32f446xx.o(.text)
    TIM8_TRG_COM_TIM14_IRQHandler            0x0800033b   Thumb Code     0  startup_stm32f446xx.o(.text)
    TIM8_UP_TIM13_IRQHandler                 0x0800033b   Thumb Code     0  startup_stm32f446xx.o(.text)
    UART4_IRQHandler                         0x0800033b   Thumb Code     0  startup_stm32f446xx.o(.text)
    UART5_IRQHandler                         0x0800033b   Thumb Code     0  startup_stm32f446xx.o(.text)
    USART1_IRQHandler                        0x0800033b   Thumb Code     0  startup_stm32f446xx.o(.text)
    USART2_IRQHandler                        0x0800033b   Thumb Code     0  startup_stm32f446xx.o(.text)
    USART3_IRQHandler                        0x0800033b   Thumb Code     0  startup_stm32f446xx.o(.text)
    USART6_IRQHandler                        0x0800033b   Thumb Code     0  startup_stm32f446xx.o(.text)
    WWDG_IRQHandler                          0x0800033b   Thumb Code     0  startup_stm32f446xx.o(.text)
    __user_initial_stackheap                 0x0800033d   Thumb Code     0  startup_stm32f446xx.o(.text)
    sprintf                                  0x08000361   Thumb Code    38  sprintf.o(.text)
    __aeabi_memset                           0x0800038d   Thumb Code    16  aeabi_memset.o(.text)
    __aeabi_memclr                           0x0800039d   Thumb Code     0  rt_memclr.o(.text)
    __rt_memclr                              0x0800039d   Thumb Code     0  rt_memclr.o(.text)
    _memset                                  0x080003a1   Thumb Code    64  rt_memclr.o(.text)
    __use_two_region_memory                  0x080003e1   Thumb Code     2  heapauxi.o(.text)
    __rt_heap_escrow$2region                 0x080003e3   Thumb Code     2  heapauxi.o(.text)
    __rt_heap_expand$2region                 0x080003e5   Thumb Code     2  heapauxi.o(.text)
    _printf_pre_padding                      0x080003e7   Thumb Code    44  _printf_pad.o(.text)
    _printf_post_padding                     0x08000413   Thumb Code    34  _printf_pad.o(.text)
    _printf_truncate_signed                  0x08000435   Thumb Code    18  _printf_truncate.o(.text)
    _printf_truncate_unsigned                0x08000447   Thumb Code    18  _printf_truncate.o(.text)
    _printf_str                              0x08000459   Thumb Code    82  _printf_str.o(.text)
    _printf_int_dec                          0x080004ad   Thumb Code   104  _printf_dec.o(.text)
    _printf_charcount                        0x08000525   Thumb Code    40  _printf_charcount.o(.text)
    _printf_char_common                      0x08000557   Thumb Code    32  _printf_char_common.o(.text)
    _sputc                                   0x0800057d   Thumb Code    10  _sputc.o(.text)
    _printf_wctomb                           0x08000589   Thumb Code   182  _printf_wctomb.o(.text)
    _printf_longlong_dec                     0x08000645   Thumb Code   108  _printf_longlong_dec.o(.text)
    _printf_longlong_oct                     0x080006c1   Thumb Code    68  _printf_oct_int_ll.o(.text)
    _printf_int_oct                          0x08000705   Thumb Code    24  _printf_oct_int_ll.o(.text)
    _printf_ll_oct                           0x0800071d   Thumb Code    12  _printf_oct_int_ll.o(.text)
    _printf_longlong_hex                     0x08000731   Thumb Code    86  _printf_hex_int_ll_ptr.o(.text)
    _printf_int_hex                          0x08000787   Thumb Code    28  _printf_hex_int_ll_ptr.o(.text)
    _printf_ll_hex                           0x080007a3   Thumb Code    12  _printf_hex_int_ll_ptr.o(.text)
    _printf_hex_ptr                          0x080007af   Thumb Code    18  _printf_hex_int_ll_ptr.o(.text)
    __printf                                 0x080007c5   Thumb Code   388  __printf_flags_ss_wp.o(.text)
    __aeabi_memclr4                          0x0800094d   Thumb Code     0  rt_memclr_w.o(.text)
    __aeabi_memclr8                          0x0800094d   Thumb Code     0  rt_memclr_w.o(.text)
    __rt_memclr_w                            0x0800094d   Thumb Code     0  rt_memclr_w.o(.text)
    _memset_w                                0x08000951   Thumb Code    74  rt_memclr_w.o(.text)
    _ll_udiv10                               0x0800099b   Thumb Code   138  lludiv10.o(.text)
    _printf_int_common                       0x08000a25   Thumb Code   178  _printf_intcommon.o(.text)
    _printf_fp_dec_real                      0x08000c87   Thumb Code   620  _printf_fp_dec.o(.text)
    _printf_fp_hex_real                      0x08000ef5   Thumb Code   756  _printf_fp_hex.o(.text)
    _printf_cs_common                        0x080011f1   Thumb Code    20  _printf_char.o(.text)
    _printf_char                             0x08001205   Thumb Code    16  _printf_char.o(.text)
    _printf_string                           0x08001215   Thumb Code     8  _printf_char.o(.text)
    _printf_lcs_common                       0x0800121d   Thumb Code    20  _printf_wchar.o(.text)
    _printf_wchar                            0x08001231   Thumb Code    16  _printf_wchar.o(.text)
    _printf_wstring                          0x08001241   Thumb Code     8  _printf_wchar.o(.text)
    _c16rtomb                                0x08001249   Thumb Code    72  _c16rtomb.o(.text)
    _wcrtomb                                 0x08001249   Thumb Code     0  _c16rtomb.o(.text)
    __user_setup_stackheap                   0x08001291   Thumb Code    74  sys_stackheap_outer.o(.text)
    __rt_ctype_table                         0x080012dd   Thumb Code    16  rt_ctype_table.o(.text)
    __rt_locale                              0x080012ed   Thumb Code     8  rt_locale_intlibspace.o(.text)
    _printf_fp_infnan                        0x080012f5   Thumb Code   112  _printf_fp_infnan.o(.text)
    _btod_etento                             0x08001375   Thumb Code   224  bigflt0.o(.text)
    exit                                     0x08001459   Thumb Code    18  exit.o(.text)
    __user_libspace                          0x0800146d   Thumb Code     8  libspace.o(.text)
    __user_perproc_libspace                  0x0800146d   Thumb Code     0  libspace.o(.text)
    __user_perthread_libspace                0x0800146d   Thumb Code     0  libspace.o(.text)
    strcmp                                   0x08001479   Thumb Code   124  strcmpv7em.o(.text)
    _sys_exit                                0x080014f5   Thumb Code     8  sys_exit.o(.text)
    __I$use$semihosting                      0x08001501   Thumb Code     0  use_no_semi.o(.text)
    __use_no_semihosting_swi                 0x08001501   Thumb Code     2  use_no_semi.o(.text)
    __semihosting_library_function           0x08001503   Thumb Code     0  indicate_semi.o(.text)
    I2C_WriteCommand                         0x08001505   Thumb Code   198  i2c.o(.text.I2C_WriteCommand)
    I2C_Write_Buffer                         0x080015cd   Thumb Code   240  i2c.o(.text.I2C_Write_Buffer)
    SystemInit                               0x080016bd   Thumb Code    18  system_stm32f4xx.o(.text.SystemInit)
    confADC                                  0x080016d1   Thumb Code    78  conf.o(.text.confADC)
    confGPIO                                 0x08001721   Thumb Code   106  conf.o(.text.confGPIO)
    confI2C                                  0x0800178d   Thumb Code    66  conf.o(.text.confI2C)
    confRCC                                  0x080017d1   Thumb Code    50  conf.o(.text.confRCC)
    convADC                                  0x08001805   Thumb Code    74  conf.o(.text.convADC)
    delay_ms                                 0x08001851   Thumb Code    44  i2c.o(.text.delay_ms)
    main                                     0x0800187d   Thumb Code   216  main.o(.text.main)
    setConf                                  0x08001955   Thumb Code    20  conf.o(.text.setConf)
    ssd1306_DrawPixel                        0x08001969   Thumb Code   146  ssd1306.o(.text.ssd1306_DrawPixel)
    ssd1306_Fill                             0x080019fd   Thumb Code    58  ssd1306.o(.text.ssd1306_Fill)
    ssd1306_Init                             0x08001a39   Thumb Code   196  ssd1306.o(.text.ssd1306_Init)
    ssd1306_SetCursor                        0x08001afd   Thumb Code    34  ssd1306.o(.text.ssd1306_SetCursor)
    ssd1306_UpdateScreen                     0x08001b21   Thumb Code    86  ssd1306.o(.text.ssd1306_UpdateScreen)
    ssd1306_WriteChar                        0x08001b79   Thumb Code   350  ssd1306.o(.text.ssd1306_WriteChar)
    ssd1306_WriteString                      0x08001d05   Thumb Code   108  ssd1306.o(.text.ssd1306_WriteString)
    _btod_d2e                                0x08001d71   Thumb Code    62  btod.o(CL$$btod_d2e)
    _d2e_denorm_low                          0x08001daf   Thumb Code    70  btod.o(CL$$btod_d2e_denorm_low)
    _d2e_norm_op1                            0x08001df5   Thumb Code    96  btod.o(CL$$btod_d2e_norm_op1)
    __btod_div_common                        0x08001e55   Thumb Code   696  btod.o(CL$$btod_div_common)
    _e2e                                     0x0800218d   Thumb Code   220  btod.o(CL$$btod_e2e)
    _btod_ediv                               0x08002269   Thumb Code    42  btod.o(CL$$btod_ediv)
    _btod_emul                               0x08002293   Thumb Code    42  btod.o(CL$$btod_emul)
    __btod_mult_common                       0x080022bd   Thumb Code   580  btod.o(CL$$btod_mult_common)
    __ARM_fpclassify                         0x08002501   Thumb Code    48  fpclassify.o(i.__ARM_fpclassify)
    _is_digit                                0x08002531   Thumb Code    14  __printf_wp.o(i._is_digit)
    _get_lc_numeric                          0x08002541   Thumb Code    44  lc_numeric_c.o(locale$$code)
    _get_lc_ctype                            0x0800256d   Thumb Code    44  lc_ctype_c.o(locale$$code)
    _fp_init                                 0x08002599   Thumb Code    26  fpinit.o(x$fpl$fpinit)
    __fplib_config_fpu_vfp                   0x080025b1   Thumb Code     0  fpinit.o(x$fpl$fpinit)
    __fplib_config_pureend_doubles           0x080025b1   Thumb Code     0  fpinit.o(x$fpl$fpinit)
    _printf_fp_dec                           0x080025b3   Thumb Code     4  printf1.o(x$fpl$printf1)
    _printf_fp_hex                           0x080025b7   Thumb Code     4  printf2.o(x$fpl$printf2)
    __I$use$fp                               0x080025ba   Number         0  usenofp.o(x$fpl$usenofp)
    Font_11x18                               0x08003414   Data          12  ssd1306_fonts.o(.rodata.Font_11x18)
    Region$$Table$$Base                      0x08003434   Number         0  anon$$obj.o(Region$$Table)
    Region$$Table$$Limit                     0x08003444   Number         0  anon$$obj.o(Region$$Table)
    __ctype                                  0x0800346d   Data           0  lc_ctype_c.o(locale$$data)
    __libspace_start                         0x20000000   Data          96  libspace.o(.bss)
    __temporary_stack_top$libspace           0x20000060   Data           0  libspace.o(.bss)



==============================================================================

Memory Map of the image

  Image Entry point : 0x08000321

  Load Region LR_1 (Base: 0x08000000, Size: 0x00003570, Max: 0xffffffff, ABSOLUTE)

    Execution Region ER_RO (Exec base: 0x08000000, Load base: 0x08000000, Size: 0x00003570, Max: 0xffffffff, ABSOLUTE)

    Exec Addr    Load Addr    Size         Type   Attr      Idx    E Section Name        Object

    0x08000000   0x08000000   0x000001c4   Data   RO           81    RESET               startup_stm32f446xx.o
    0x080001c4   0x080001c4   0x00000008   Code   RO          112  * !!!main             c_w.l(__main.o)
    0x080001cc   0x080001cc   0x0000005c   Code   RO          451    !!!scatter          c_w.l(__scatter.o)
    0x08000228   0x08000228   0x00000002   Code   RO          452    !!handler_null      c_w.l(__scatter.o)
    0x0800022a   0x0800022a   0x00000002   PAD
    0x0800022c   0x0800022c   0x0000001c   Code   RO          455    !!handler_zi        c_w.l(__scatter_zi.o)
    0x08000248   0x08000248   0x00000000   Code   RO          196    .ARM.Collect$$_printf_percent$$00000000  c_w.l(_printf_percent.o)
    0x08000248   0x08000248   0x00000006   Code   RO          185    .ARM.Collect$$_printf_percent$$00000001  c_w.l(_printf_n.o)
    0x0800024e   0x0800024e   0x00000006   Code   RO          187    .ARM.Collect$$_printf_percent$$00000002  c_w.l(_printf_p.o)
    0x08000254   0x08000254   0x00000006   Code   RO          192    .ARM.Collect$$_printf_percent$$00000003  c_w.l(_printf_f.o)
    0x0800025a   0x0800025a   0x00000006   Code   RO          193    .ARM.Collect$$_printf_percent$$00000004  c_w.l(_printf_e.o)
    0x08000260   0x08000260   0x00000006   Code   RO          194    .ARM.Collect$$_printf_percent$$00000005  c_w.l(_printf_g.o)
    0x08000266   0x08000266   0x00000006   Code   RO          195    .ARM.Collect$$_printf_percent$$00000006  c_w.l(_printf_a.o)
    0x0800026c   0x0800026c   0x0000000a   Code   RO          200    .ARM.Collect$$_printf_percent$$00000007  c_w.l(_printf_ll.o)
    0x08000276   0x08000276   0x00000006   Code   RO          189    .ARM.Collect$$_printf_percent$$00000008  c_w.l(_printf_i.o)
    0x0800027c   0x0800027c   0x00000006   Code   RO          190    .ARM.Collect$$_printf_percent$$00000009  c_w.l(_printf_d.o)
    0x08000282   0x08000282   0x00000006   Code   RO          191    .ARM.Collect$$_printf_percent$$0000000A  c_w.l(_printf_u.o)
    0x08000288   0x08000288   0x00000006   Code   RO          188    .ARM.Collect$$_printf_percent$$0000000B  c_w.l(_printf_o.o)
    0x0800028e   0x0800028e   0x00000006   Code   RO          186    .ARM.Collect$$_printf_percent$$0000000C  c_w.l(_printf_x.o)
    0x08000294   0x08000294   0x00000006   Code   RO          197    .ARM.Collect$$_printf_percent$$0000000D  c_w.l(_printf_lli.o)
    0x0800029a   0x0800029a   0x00000006   Code   RO          198    .ARM.Collect$$_printf_percent$$0000000E  c_w.l(_printf_lld.o)
    0x080002a0   0x080002a0   0x00000006   Code   RO          199    .ARM.Collect$$_printf_percent$$0000000F  c_w.l(_printf_llu.o)
    0x080002a6   0x080002a6   0x00000006   Code   RO          204    .ARM.Collect$$_printf_percent$$00000010  c_w.l(_printf_llo.o)
    0x080002ac   0x080002ac   0x00000006   Code   RO          205    .ARM.Collect$$_printf_percent$$00000011  c_w.l(_printf_llx.o)
    0x080002b2   0x080002b2   0x0000000a   Code   RO          201    .ARM.Collect$$_printf_percent$$00000012  c_w.l(_printf_l.o)
    0x080002bc   0x080002bc   0x00000006   Code   RO          183    .ARM.Collect$$_printf_percent$$00000013  c_w.l(_printf_c.o)
    0x080002c2   0x080002c2   0x00000006   Code   RO          184    .ARM.Collect$$_printf_percent$$00000014  c_w.l(_printf_s.o)
    0x080002c8   0x080002c8   0x00000006   Code   RO          202    .ARM.Collect$$_printf_percent$$00000015  c_w.l(_printf_lc.o)
    0x080002ce   0x080002ce   0x00000006   Code   RO          203    .ARM.Collect$$_printf_percent$$00000016  c_w.l(_printf_ls.o)
    0x080002d4   0x080002d4   0x00000004   Code   RO          248    .ARM.Collect$$_printf_percent$$00000017  c_w.l(_printf_percent_end.o)
    0x080002d8   0x080002d8   0x00000002   Code   RO          299    .ARM.Collect$$libinit$$00000000  c_w.l(libinit.o)
    0x080002da   0x080002da   0x00000004   Code   RO          317    .ARM.Collect$$libinit$$00000001  c_w.l(libinit2.o)
    0x080002de   0x080002de   0x00000000   Code   RO          320    .ARM.Collect$$libinit$$00000004  c_w.l(libinit2.o)
    0x080002de   0x080002de   0x00000000   Code   RO          322    .ARM.Collect$$libinit$$00000006  c_w.l(libinit2.o)
    0x080002de   0x080002de   0x00000000   Code   RO          325    .ARM.Collect$$libinit$$0000000C  c_w.l(libinit2.o)
    0x080002de   0x080002de   0x00000000   Code   RO          327    .ARM.Collect$$libinit$$0000000E  c_w.l(libinit2.o)
    0x080002de   0x080002de   0x00000000   Code   RO          329    .ARM.Collect$$libinit$$00000010  c_w.l(libinit2.o)
    0x080002de   0x080002de   0x00000006   Code   RO          330    .ARM.Collect$$libinit$$00000011  c_w.l(libinit2.o)
    0x080002e4   0x080002e4   0x00000000   Code   RO          332    .ARM.Collect$$libinit$$00000013  c_w.l(libinit2.o)
    0x080002e4   0x080002e4   0x0000000c   Code   RO          333    .ARM.Collect$$libinit$$00000014  c_w.l(libinit2.o)
    0x080002f0   0x080002f0   0x00000000   Code   RO          334    .ARM.Collect$$libinit$$00000015  c_w.l(libinit2.o)
    0x080002f0   0x080002f0   0x00000000   Code   RO          336    .ARM.Collect$$libinit$$00000017  c_w.l(libinit2.o)
    0x080002f0   0x080002f0   0x0000000a   Code   RO          337    .ARM.Collect$$libinit$$00000018  c_w.l(libinit2.o)
    0x080002fa   0x080002fa   0x00000000   Code   RO          338    .ARM.Collect$$libinit$$00000019  c_w.l(libinit2.o)
    0x080002fa   0x080002fa   0x00000000   Code   RO          340    .ARM.Collect$$libinit$$0000001B  c_w.l(libinit2.o)
    0x080002fa   0x080002fa   0x00000000   Code   RO          342    .ARM.Collect$$libinit$$0000001D  c_w.l(libinit2.o)
    0x080002fa   0x080002fa   0x00000000   Code   RO          344    .ARM.Collect$$libinit$$0000001F  c_w.l(libinit2.o)
    0x080002fa   0x080002fa   0x00000000   Code   RO          346    .ARM.Collect$$libinit$$00000021  c_w.l(libinit2.o)
    0x080002fa   0x080002fa   0x00000000   Code   RO          348    .ARM.Collect$$libinit$$00000023  c_w.l(libinit2.o)
    0x080002fa   0x080002fa   0x00000000   Code   RO          350    .ARM.Collect$$libinit$$00000025  c_w.l(libinit2.o)
    0x080002fa   0x080002fa   0x00000000   Code   RO          352    .ARM.Collect$$libinit$$00000027  c_w.l(libinit2.o)
    0x080002fa   0x080002fa   0x00000000   Code   RO          356    .ARM.Collect$$libinit$$0000002E  c_w.l(libinit2.o)
    0x080002fa   0x080002fa   0x00000000   Code   RO          358    .ARM.Collect$$libinit$$00000030  c_w.l(libinit2.o)
    0x080002fa   0x080002fa   0x00000000   Code   RO          360    .ARM.Collect$$libinit$$00000032  c_w.l(libinit2.o)
    0x080002fa   0x080002fa   0x00000000   Code   RO          362    .ARM.Collect$$libinit$$00000034  c_w.l(libinit2.o)
    0x080002fa   0x080002fa   0x00000002   Code   RO          363    .ARM.Collect$$libinit$$00000035  c_w.l(libinit2.o)
    0x080002fc   0x080002fc   0x00000002   Code   RO          387    .ARM.Collect$$libshutdown$$00000000  c_w.l(libshutdown.o)
    0x080002fe   0x080002fe   0x00000000   Code   RO          402    .ARM.Collect$$libshutdown$$00000002  c_w.l(libshutdown2.o)
    0x080002fe   0x080002fe   0x00000000   Code   RO          404    .ARM.Collect$$libshutdown$$00000004  c_w.l(libshutdown2.o)
    0x080002fe   0x080002fe   0x00000000   Code   RO          407    .ARM.Collect$$libshutdown$$00000007  c_w.l(libshutdown2.o)
    0x080002fe   0x080002fe   0x00000000   Code   RO          410    .ARM.Collect$$libshutdown$$0000000A  c_w.l(libshutdown2.o)
    0x080002fe   0x080002fe   0x00000000   Code   RO          412    .ARM.Collect$$libshutdown$$0000000C  c_w.l(libshutdown2.o)
    0x080002fe   0x080002fe   0x00000000   Code   RO          415    .ARM.Collect$$libshutdown$$0000000F  c_w.l(libshutdown2.o)
    0x080002fe   0x080002fe   0x00000002   Code   RO          416    .ARM.Collect$$libshutdown$$00000010  c_w.l(libshutdown2.o)
    0x08000300   0x08000300   0x00000000   Code   RO          114    .ARM.Collect$$rtentry$$00000000  c_w.l(__rtentry.o)
    0x08000300   0x08000300   0x00000000   Code   RO          217    .ARM.Collect$$rtentry$$00000002  c_w.l(__rtentry2.o)
    0x08000300   0x08000300   0x00000006   Code   RO          229    .ARM.Collect$$rtentry$$00000004  c_w.l(__rtentry4.o)
    0x08000306   0x08000306   0x00000000   Code   RO          219    .ARM.Collect$$rtentry$$00000009  c_w.l(__rtentry2.o)
    0x08000306   0x08000306   0x00000004   Code   RO          220    .ARM.Collect$$rtentry$$0000000A  c_w.l(__rtentry2.o)
    0x0800030a   0x0800030a   0x00000000   Code   RO          222    .ARM.Collect$$rtentry$$0000000C  c_w.l(__rtentry2.o)
    0x0800030a   0x0800030a   0x00000008   Code   RO          223    .ARM.Collect$$rtentry$$0000000D  c_w.l(__rtentry2.o)
    0x08000312   0x08000312   0x00000002   Code   RO          308    .ARM.Collect$$rtexit$$00000000  c_w.l(rtexit.o)
    0x08000314   0x08000314   0x00000000   Code   RO          365    .ARM.Collect$$rtexit$$00000002  c_w.l(rtexit2.o)
    0x08000314   0x08000314   0x00000004   Code   RO          366    .ARM.Collect$$rtexit$$00000003  c_w.l(rtexit2.o)
    0x08000318   0x08000318   0x00000006   Code   RO          367    .ARM.Collect$$rtexit$$00000004  c_w.l(rtexit2.o)
    0x0800031e   0x0800031e   0x00000002   PAD
    0x08000320   0x08000320   0x00000040   Code   RO           82  * .text               startup_stm32f446xx.o
    0x08000360   0x08000360   0x0000002c   Code   RO          104    .text               c_w.l(sprintf.o)
    0x0800038c   0x0800038c   0x00000010   Code   RO          106    .text               c_w.l(aeabi_memset.o)
    0x0800039c   0x0800039c   0x00000044   Code   RO          108    .text               c_w.l(rt_memclr.o)
    0x080003e0   0x080003e0   0x00000006   Code   RO          110    .text               c_w.l(heapauxi.o)
    0x080003e6   0x080003e6   0x0000004e   Code   RO          117    .text               c_w.l(_printf_pad.o)
    0x08000434   0x08000434   0x00000024   Code   RO          119    .text               c_w.l(_printf_truncate.o)
    0x08000458   0x08000458   0x00000052   Code   RO          121    .text               c_w.l(_printf_str.o)
    0x080004aa   0x080004aa   0x00000002   PAD
    0x080004ac   0x080004ac   0x00000078   Code   RO          123    .text               c_w.l(_printf_dec.o)
    0x08000524   0x08000524   0x00000028   Code   RO          125    .text               c_w.l(_printf_charcount.o)
    0x0800054c   0x0800054c   0x00000030   Code   RO          127    .text               c_w.l(_printf_char_common.o)
    0x0800057c   0x0800057c   0x0000000a   Code   RO          129    .text               c_w.l(_sputc.o)
    0x08000586   0x08000586   0x00000002   PAD
    0x08000588   0x08000588   0x000000bc   Code   RO          131    .text               c_w.l(_printf_wctomb.o)
    0x08000644   0x08000644   0x0000007c   Code   RO          134    .text               c_w.l(_printf_longlong_dec.o)
    0x080006c0   0x080006c0   0x00000070   Code   RO          140    .text               c_w.l(_printf_oct_int_ll.o)
    0x08000730   0x08000730   0x00000094   Code   RO          160    .text               c_w.l(_printf_hex_int_ll_ptr.o)
    0x080007c4   0x080007c4   0x00000188   Code   RO          180    .text               c_w.l(__printf_flags_ss_wp.o)
    0x0800094c   0x0800094c   0x0000004e   Code   RO          206    .text               c_w.l(rt_memclr_w.o)
    0x0800099a   0x0800099a   0x0000008a   Code   RO          231    .text               c_w.l(lludiv10.o)
    0x08000a24   0x08000a24   0x000000b2   Code   RO          233    .text               c_w.l(_printf_intcommon.o)
    0x08000ad6   0x08000ad6   0x0000041c   Code   RO          235    .text               c_w.l(_printf_fp_dec.o)
    0x08000ef2   0x08000ef2   0x00000002   PAD
    0x08000ef4   0x08000ef4   0x000002fc   Code   RO          239    .text               c_w.l(_printf_fp_hex.o)
    0x080011f0   0x080011f0   0x0000002c   Code   RO          244    .text               c_w.l(_printf_char.o)
    0x0800121c   0x0800121c   0x0000002c   Code   RO          246    .text               c_w.l(_printf_wchar.o)
    0x08001248   0x08001248   0x00000048   Code   RO          249    .text               c_w.l(_c16rtomb.o)
    0x08001290   0x08001290   0x0000004a   Code   RO          251    .text               c_w.l(sys_stackheap_outer.o)
    0x080012da   0x080012da   0x00000002   PAD
    0x080012dc   0x080012dc   0x00000010   Code   RO          253    .text               c_w.l(rt_ctype_table.o)
    0x080012ec   0x080012ec   0x00000008   Code   RO          258    .text               c_w.l(rt_locale_intlibspace.o)
    0x080012f4   0x080012f4   0x00000080   Code   RO          260    .text               c_w.l(_printf_fp_infnan.o)
    0x08001374   0x08001374   0x000000e4   Code   RO          262    .text               c_w.l(bigflt0.o)
    0x08001458   0x08001458   0x00000012   Code   RO          292    .text               c_w.l(exit.o)
    0x0800146a   0x0800146a   0x00000002   PAD
    0x0800146c   0x0800146c   0x00000008   Code   RO          305    .text               c_w.l(libspace.o)
    0x08001474   0x08001474   0x00000004   PAD
    0x08001478   0x08001478   0x0000007c   Code   RO          315    .text               c_w.l(strcmpv7em.o)
    0x080014f4   0x080014f4   0x0000000c   Code   RO          377    .text               c_w.l(sys_exit.o)
    0x08001500   0x08001500   0x00000002   Code   RO          392    .text               c_w.l(use_no_semi.o)
    0x08001502   0x08001502   0x00000000   Code   RO          394    .text               c_w.l(indicate_semi.o)
    0x08001502   0x08001502   0x00000002   PAD
    0x08001504   0x08001504   0x000000c6   Code   RO            2    .text.I2C_WriteCommand  i2c.o
    0x080015ca   0x080015ca   0x00000002   PAD
    0x080015cc   0x080015cc   0x000000f0   Code   RO            4    .text.I2C_Write_Buffer  i2c.o
    0x080016bc   0x080016bc   0x00000012   Code   RO           89    .text.SystemInit    system_stm32f4xx.o
    0x080016ce   0x080016ce   0x00000002   PAD
    0x080016d0   0x080016d0   0x0000004e   Code   RO           21    .text.confADC       conf.o
    0x0800171e   0x0800171e   0x00000002   PAD
    0x08001720   0x08001720   0x0000006a   Code   RO           17    .text.confGPIO      conf.o
    0x0800178a   0x0800178a   0x00000002   PAD
    0x0800178c   0x0800178c   0x00000042   Code   RO           19    .text.confI2C       conf.o
    0x080017ce   0x080017ce   0x00000002   PAD
    0x080017d0   0x080017d0   0x00000032   Code   RO           15    .text.confRCC       conf.o
    0x08001802   0x08001802   0x00000002   PAD
    0x08001804   0x08001804   0x0000004a   Code   RO           23    .text.convADC       conf.o
    0x0800184e   0x0800184e   0x00000002   PAD
    0x08001850   0x08001850   0x0000002c   Code   RO            6    .text.delay_ms      i2c.o
    0x0800187c   0x0800187c   0x000000d8   Code   RO           70    .text.main          main.o
    0x08001954   0x08001954   0x00000014   Code   RO           25    .text.setConf       conf.o
    0x08001968   0x08001968   0x00000092   Code   RO           51    .text.ssd1306_DrawPixel  ssd1306.o
    0x080019fa   0x080019fa   0x00000002   PAD
    0x080019fc   0x080019fc   0x0000003a   Code   RO           45    .text.ssd1306_Fill  ssd1306.o
    0x08001a36   0x08001a36   0x00000002   PAD
    0x08001a38   0x08001a38   0x000000c4   Code   RO           41    .text.ssd1306_Init  ssd1306.o
    0x08001afc   0x08001afc   0x00000022   Code   RO           55    .text.ssd1306_SetCursor  ssd1306.o
    0x08001b1e   0x08001b1e   0x00000002   PAD
    0x08001b20   0x08001b20   0x00000056   Code   RO           47    .text.ssd1306_UpdateScreen  ssd1306.o
    0x08001b76   0x08001b76   0x00000002   PAD
    0x08001b78   0x08001b78   0x0000015e   Code   RO           53    .text.ssd1306_WriteChar  ssd1306.o
    0x08001cd6   0x08001cd6   0x00000002   PAD
    0x08001cd8   0x08001cd8   0x00000014   Code   RO           43    .text.ssd1306_WriteCommand  ssd1306.o
    0x08001cec   0x08001cec   0x00000016   Code   RO           49    .text.ssd1306_WriteData  ssd1306.o
    0x08001d02   0x08001d02   0x00000002   PAD
    0x08001d04   0x08001d04   0x0000006c   Code   RO           57    .text.ssd1306_WriteString  ssd1306.o
    0x08001d70   0x08001d70   0x0000003e   Code   RO          265    CL$$btod_d2e        c_w.l(btod.o)
    0x08001dae   0x08001dae   0x00000046   Code   RO          267    CL$$btod_d2e_denorm_low  c_w.l(btod.o)
    0x08001df4   0x08001df4   0x00000060   Code   RO          266    CL$$btod_d2e_norm_op1  c_w.l(btod.o)
    0x08001e54   0x08001e54   0x00000338   Code   RO          275    CL$$btod_div_common  c_w.l(btod.o)
    0x0800218c   0x0800218c   0x000000dc   Code   RO          272    CL$$btod_e2e        c_w.l(btod.o)
    0x08002268   0x08002268   0x0000002a   Code   RO          269    CL$$btod_ediv       c_w.l(btod.o)
    0x08002292   0x08002292   0x0000002a   Code   RO          268    CL$$btod_emul       c_w.l(btod.o)
    0x080022bc   0x080022bc   0x00000244   Code   RO          274    CL$$btod_mult_common  c_w.l(btod.o)
    0x08002500   0x08002500   0x00000030   Code   RO          303    i.__ARM_fpclassify  m_wm.l(fpclassify.o)
    0x08002530   0x08002530   0x0000000e   Code   RO          173    i._is_digit         c_w.l(__printf_wp.o)
    0x0800253e   0x0800253e   0x00000002   PAD
    0x08002540   0x08002540   0x0000002c   Code   RO          290    locale$$code        c_w.l(lc_numeric_c.o)
    0x0800256c   0x0800256c   0x0000002c   Code   RO          313    locale$$code        c_w.l(lc_ctype_c.o)
    0x08002598   0x08002598   0x0000001a   Code   RO          375    x$fpl$fpinit        fz_wm.l(fpinit.o)
    0x080025b2   0x080025b2   0x00000004   Code   RO          208    x$fpl$printf1       fz_wm.l(printf1.o)
    0x080025b6   0x080025b6   0x00000004   Code   RO          210    x$fpl$printf2       fz_wm.l(printf2.o)
    0x080025ba   0x080025ba   0x00000000   Code   RO          302    x$fpl$usenofp       fz_wm.l(usenofp.o)
    0x080025ba   0x080025ba   0x00000002   PAD
    0x080025bc   0x080025bc   0x00000008   Data   RO          132    .constdata          c_w.l(_printf_wctomb.o)
    0x080025c4   0x080025c4   0x00000028   Data   RO          161    .constdata          c_w.l(_printf_hex_int_ll_ptr.o)
    0x080025ec   0x080025ec   0x00000011   Data   RO          181    .constdata          c_w.l(__printf_flags_ss_wp.o)
    0x080025fd   0x080025fd   0x00000026   Data   RO          240    .constdata          c_w.l(_printf_fp_hex.o)
    0x08002623   0x08002623   0x00000001   PAD
    0x08002624   0x08002624   0x00000094   Data   RO          263    .constdata          c_w.l(bigflt0.o)
    0x080026b8   0x080026b8   0x00000d5c   Data   RO           35    .rodata.Font11x18   ssd1306_fonts.o
    0x08003414   0x08003414   0x0000000c   Data   RO           34    .rodata.Font_11x18  ssd1306_fonts.o
    0x08003420   0x08003420   0x00000014   Data   RO           72    .rodata.str1.1      main.o
    0x08003434   0x08003434   0x00000010   Data   RO          450    Region$$Table       anon$$obj.o
    0x08003444   0x08003444   0x0000001c   Data   RO          289    locale$$data        c_w.l(lc_numeric_c.o)
    0x08003460   0x08003460   0x00000110   Data   RO          312    locale$$data        c_w.l(lc_ctype_c.o)


    Execution Region ER_RW (Exec base: 0x20000000, Load base: 0x08003570, Size: 0x00000000, Max: 0xffffffff, ABSOLUTE)

    **** No section assigned to this execution region ****


    Execution Region ER_ZI (Exec base: 0x20000000, Load base: 0x08003570, Size: 0x00000a68, Max: 0xffffffff, ABSOLUTE)

    Exec Addr    Load Addr    Size         Type   Attr      Idx    E Section Name        Object

    0x20000000        -       0x00000060   Zero   RW          306    .bss                c_w.l(libspace.o)
    0x20000060        -       0x00000006   Zero   RW           61    .bss.SSD1306        ssd1306.o
    0x20000066        -       0x00000400   Zero   RW           62    .bss.SSD1306_Buffer  ssd1306.o
    0x20000466   0x08003570   0x00000002   PAD
    0x20000468        -       0x00000200   Zero   RW           80    HEAP                startup_stm32f446xx.o
    0x20000668        -       0x00000400   Zero   RW           79    STACK               startup_stm32f446xx.o


==============================================================================

Image component sizes


      Code (inc. data)   RO Data    RW Data    ZI Data      Debug   Object Name

       394          0          0          0          0       2999   conf.o
       482          0          0          0          0       1636   i2c.o
       216          0         20          0          0       1520   main.o
      1020          0          0          0       1030       3515   ssd1306.o
         0          0       3432          0          0        786   ssd1306_fonts.o
        64         26        452          0       1536        916   startup_stm32f446xx.o
        18          0          0          0          0       2875   system_stm32f4xx.o

    ----------------------------------------------------------------------
      2220         26       3920          0       2568      14247   Object Totals
         0          0         16          0          0          0   (incl. Generated)
        26          0          0          0          2          0   (incl. Padding)

    ----------------------------------------------------------------------

      Code (inc. data)   RO Data    RW Data    ZI Data      Debug   Library Member Name

         8          0          0          0          0         68   __main.o
       392          4         17          0          0         92   __printf_flags_ss_wp.o
        14          0          0          0          0         68   __printf_wp.o
         0          0          0          0          0          0   __rtentry.o
        12          0          0          0          0          0   __rtentry2.o
         6          0          0          0          0          0   __rtentry4.o
        94          8          0          0          0          0   __scatter.o
        28          0          0          0          0          0   __scatter_zi.o
        72          0          0          0          0         96   _c16rtomb.o
         6          0          0          0          0          0   _printf_a.o
         6          0          0          0          0          0   _printf_c.o
        44          0          0          0          0        108   _printf_char.o
        48          6          0          0          0         96   _printf_char_common.o
        40          0          0          0          0         68   _printf_charcount.o
         6          0          0          0          0          0   _printf_d.o
       120         16          0          0          0         92   _printf_dec.o
         6          0          0          0          0          0   _printf_e.o
         6          0          0          0          0          0   _printf_f.o
      1052          0          0          0          0        148   _printf_fp_dec.o
       764          8         38          0          0        100   _printf_fp_hex.o
       128         16          0          0          0         84   _printf_fp_infnan.o
         6          0          0          0          0          0   _printf_g.o
       148          4         40          0          0        160   _printf_hex_int_ll_ptr.o
         6          0          0          0          0          0   _printf_i.o
       178          0          0          0          0         88   _printf_intcommon.o
        10          0          0          0          0          0   _printf_l.o
         6          0          0          0          0          0   _printf_lc.o
        10          0          0          0          0          0   _printf_ll.o
         6          0          0          0          0          0   _printf_lld.o
         6          0          0          0          0          0   _printf_lli.o
         6          0          0          0          0          0   _printf_llo.o
         6          0          0          0          0          0   _printf_llu.o
         6          0          0          0          0          0   _printf_llx.o
       124         16          0          0          0         92   _printf_longlong_dec.o
         6          0          0          0          0          0   _printf_ls.o
         6          0          0          0          0          0   _printf_n.o
         6          0          0          0          0          0   _printf_o.o
       112          8          0          0          0        124   _printf_oct_int_ll.o
         6          0          0          0          0          0   _printf_p.o
        78          0          0          0          0        108   _printf_pad.o
         0          0          0          0          0          0   _printf_percent.o
         4          0          0          0          0          0   _printf_percent_end.o
         6          0          0          0          0          0   _printf_s.o
        82          0          0          0          0         80   _printf_str.o
        36          0          0          0          0         84   _printf_truncate.o
         6          0          0          0          0          0   _printf_u.o
        44          0          0          0          0        108   _printf_wchar.o
       188          6          8          0          0         92   _printf_wctomb.o
         6          0          0          0          0          0   _printf_x.o
        10          0          0          0          0         68   _sputc.o
        16          0          0          0          0         68   aeabi_memset.o
       228          4        148          0          0         96   bigflt0.o
      1936        128          0          0          0        668   btod.o
        18          0          0          0          0         80   exit.o
         6          0          0          0          0        152   heapauxi.o
         0          0          0          0          0          0   indicate_semi.o
        44         10        272          0          0         76   lc_ctype_c.o
        44         10         28          0          0         76   lc_numeric_c.o
         2          0          0          0          0          0   libinit.o
        34          0          0          0          0          0   libinit2.o
         2          0          0          0          0          0   libshutdown.o
         2          0          0          0          0          0   libshutdown2.o
         8          4          0          0         96         68   libspace.o
       138          0          0          0          0         80   lludiv10.o
        16          4          0          0          0         76   rt_ctype_table.o
         8          4          0          0          0         68   rt_locale_intlibspace.o
        68          0          0          0          0         68   rt_memclr.o
        78          0          0          0          0         80   rt_memclr_w.o
         2          0          0          0          0          0   rtexit.o
        10          0          0          0          0          0   rtexit2.o
        44          6          0          0          0         84   sprintf.o
       124          0          0          0          0         88   strcmpv7em.o
        12          4          0          0          0         68   sys_exit.o
        74          0          0          0          0         80   sys_stackheap_outer.o
         2          0          0          0          0         68   use_no_semi.o
        26          0          0          0          0        116   fpinit.o
         4          0          0          0          0        116   printf1.o
         4          0          0          0          0        116   printf2.o
         0          0          0          0          0          0   usenofp.o
        48          0          0          0          0        124   fpclassify.o

    ----------------------------------------------------------------------
      6988        270        552          0         96       4540   Library Totals
        24          4          1          0          0          0   (incl. Padding)

    ----------------------------------------------------------------------

      Code (inc. data)   RO Data    RW Data    ZI Data      Debug   Library Name

      6882        266        551          0         96       4068   c_w.l
        34          0          0          0          0        348   fz_wm.l
        48          0          0          0          0        124   m_wm.l

    ----------------------------------------------------------------------
      6988        270        552          0         96       4540   Library Totals

    ----------------------------------------------------------------------

==============================================================================


      Code (inc. data)   RO Data    RW Data    ZI Data      Debug   

      9208        296       4472          0       2664      16323   Grand Totals
      9208        296       4472          0       2664      16323   ELF Image Totals
      9208        296       4472          0          0          0   ROM Totals

==============================================================================

    Total RO  Size (Code + RO Data)                13680 (  13.36kB)
    Total RW  Size (RW Data + ZI Data)              2664 (   2.60kB)
    Total ROM Size (Code + RO Data + RW Data)      13680 (  13.36kB)

==============================================================================

